MPLINK 5.00, LINKER
Linker Map File - Created Mon Jun 11 16:16:05 2018

                                 Section Info
                  Section       Type    Address   Location Size(Bytes)
                ---------  ---------  ---------  ---------  ---------
               _entry_scn       code   0x000000    program   0x000006
    HIGH_INTERRUPT_VECTOR       code   0x000008    program   0x000006
     LOW_INTERRUPT_VECTOR       code   0x000018    program   0x000006
    REMAPPED_RESET_VECTOR       code   0x000800    program   0x000006
REMAPPED_HIGH_INTERRUPT_VECTOR       code   0x000808    program   0x000006
REMAPPED_LOW_INTERRUPT_VECTOR       code   0x000818    program   0x000006
                   .cinit    romdata   0x00082a    program   0x000056
        .code_usb_stack.o       code   0x000880    program   0x0012a8
              .code_cdc.o       code   0x001b28    program   0x000a46
              .code_IRs.o       code   0x00256e    program   0x00098e
              .code_IRt.o       code   0x002efc    program   0x000776
              .code_IRr.o       code   0x003672    program   0x0006e8
             .code_main.o       code   0x003d5a    program   0x000574
             .code_SUMP.o       code   0x0042ce    program   0x0002ec
         .code_irWidget.o       code   0x0045ba    program   0x000222
        .code_RCdecoder.o       code   0x0047dc    program   0x0001a6
         .code_usb2uart.o       code   0x004982    program   0x00015c
          .romdata_main.o    romdata   0x004ade    program   0x0000af
     .romdata_RCdecoder.o    romdata   0x004b8d    program   0x000000
          .idata_SUMP.o_i    romdata   0x004b8d    program   0x000001
          .romdata_SUMP.o    romdata   0x004b8d    program   0x000000
     .idata_usb_stack.o_i    romdata   0x004b8d    program   0x000000
     .romdata_usb_stack.o    romdata   0x004b8d    program   0x000000
      .idata_usb2uart.o_i    romdata   0x004b8d    program   0x000000
      .romdata_usb2uart.o    romdata   0x004b8d    program   0x000000
           .romdata_cdc.o    romdata   0x004b8d    program   0x000000
           .romdata_IRt.o    romdata   0x004b8d    program   0x000000
        .romdata___init.o    romdata   0x004b8d    program   0x000000
        .idata___init.o_i    romdata   0x004b8d    program   0x000000
      .romdata_fxd3232u.o    romdata   0x004b8d    program   0x000000
      .idata_fxd3232u.o_i    romdata   0x004b8d    program   0x000000
           .romdata_IRr.o    romdata   0x004b8d    program   0x000000
         .idata_c018i.o_i    romdata   0x004b8d    program   0x000000
         .romdata_c018i.o    romdata   0x004b8d    program   0x000000
           .romdata_IRs.o    romdata   0x004b8d    program   0x000000
      .idata_irWidget.o_i    romdata   0x004b8d    program   0x000000
      .romdata_irWidget.o    romdata   0x004b8d    program   0x000000
               _cinit_scn       code   0x004b8e    program   0x00009e
                   STRING       code   0x004c2c    program   0x000056
         .code_fxd3232u.o       code   0x004c82    program   0x000048
             D10KTCYXCODE       code   0x004cca    program   0x00002e
                    .code       code   0x004cf8    program   0x000020
             _startup_scn       code   0x004d18    program   0x00001c
           .code___init.o       code   0x004d34    program   0x000002
          .idata_main.o_i    romdata   0x004d36    program   0x000002
           .idata_cdc.o_i    romdata   0x004d38    program   0x000006
     .idata_RCdecoder.o_i    romdata   0x004d3e    program   0x000001
           .idata_IRt.o_i    romdata   0x004d3f    program   0x000001
           .idata_IRs.o_i    romdata   0x004d40    program   0x000001
           .idata_IRr.o_i    romdata   0x004d41    program   0x000001
            .code_c018i.o       code   0x004d42    program   0x000000
    .config_300000_main.o    romdata   0x300000    program   0x000001
    .config_300001_main.o    romdata   0x300001    program   0x000001
    .config_300002_main.o    romdata   0x300002    program   0x000001
    .config_300003_main.o    romdata   0x300003    program   0x000001
    .config_300005_main.o    romdata   0x300005    program   0x000001
    .config_300006_main.o    romdata   0x300006    program   0x000001
    .config_300008_main.o    romdata   0x300008    program   0x000001
    .config_300009_main.o    romdata   0x300009    program   0x000001
    .config_30000a_main.o    romdata   0x30000a    program   0x000001
    .config_30000b_main.o    romdata   0x30000b    program   0x000001
    .config_30000c_main.o    romdata   0x30000c    program   0x000001
    .config_30000d_main.o    romdata   0x30000d    program   0x000001
                MATH_DATA      udata   0x000000       data   0x000010
                 .tmpdata      udata   0x000010       data   0x000008
                DELAYDAT2      udata   0x000018       data   0x000001
                DELAYDAT1      udata   0x000019       data   0x000001
            .udata_main.o      udata   0x000060       data   0x000083
        .udata_usb2uart.o      udata   0x0000e3       data   0x00001a
            .idata_SUMP.o      idata   0x0000fd       data   0x000001
       .idata_RCdecoder.o      idata   0x0000fe       data   0x000001
             .idata_IRt.o      idata   0x0000ff       data   0x000001
       .udata_usb_stack.o      udata   0x000100       data   0x000061
             .udata_cdc.o      udata   0x000161       data   0x000059
             .udata_IRt.o      udata   0x0001ba       data   0x000022
             .udata_IRs.o      udata   0x0001dc       data   0x000022
            .idata_main.o      idata   0x0001fe       data   0x000002
             .udata_IRr.o      udata   0x000200       data   0x000022
            .udata_SUMP.o      udata   0x000222       data   0x00000c
           .udata_c018i.o      udata   0x00022e       data   0x00000a
        .udata_irWidget.o      udata   0x000238       data   0x000007
             .idata_cdc.o      idata   0x00023f       data   0x000006
       .udata_RCdecoder.o      udata   0x000245       data   0x000004
             .idata_IRs.o      idata   0x000249       data   0x000001
             .idata_IRr.o      idata   0x00024a       data   0x000001
        .udata_fxd3232u.o      udata   0x00024b       data   0x000000
        .idata_fxd3232u.o      idata   0x00024b       data   0x000000
        .idata_usb2uart.o      idata   0x00024b       data   0x000000
          .udata___init.o      udata   0x00024b       data   0x000000
          .idata___init.o      idata   0x00024b       data   0x000000
       .idata_usb_stack.o      idata   0x00024b       data   0x000000
        .idata_irWidget.o      idata   0x00024b       data   0x000000
           .idata_c018i.o      idata   0x00024b       data   0x000000
                   .stack      udata   0x000300       data   0x000100
                  usb_bdt      udata   0x000400       data   0x000018
                 usb_data      udata   0x000480       data   0x00001a
                usb_data2      udata   0x000500       data   0x000080
                usb_data3      udata   0x000580       data   0x000100
            SFR_UNBANKED0      udata   0x000f66       data   0x00009a



                              Program Memory Usage 
                               Start         End      
                           ---------   ---------      
                            0x000000    0x000005      
                            0x000008    0x00000d      
                            0x000018    0x00001d      
                            0x000800    0x000805      
                            0x000808    0x00080d      
                            0x000818    0x00081d      
                            0x00082a    0x004d41      
                            0x300000    0x300003      
                            0x300005    0x300006      
                            0x300008    0x30000d      
            17736 out of 33048 program addresses used, program memory utilization is 53%



                              Symbols - Sorted by Name
                     Name    Address   Location    Storage File                     
                ---------  ---------  ---------  --------- ---------                
             AbortHandler   0x00409e    program     extern C:\Users\bakalski\Desktop\cg\main.c
               ArmCDCInDB   0x0021f4    program     extern C:\Users\bakalski\Desktop\cg\cdc.c
              ArmCDCOutDB   0x002254    program     extern C:\Users\bakalski\Desktop\cg\cdc.c
                   D10K_1   0x004cd6    program     static C:\Microchip\mplabc18\v3.45\src\traditional\delays\d10ktcyx.asm
                    D10Kl   0x004ce2    program     static C:\Microchip\mplabc18\v3.45\src\traditional\delays\d10ktcyx.asm
                    D10Kx   0x004cd4    program     static C:\Microchip\mplabc18\v3.45\src\traditional\delays\d10ktcyx.asm
               DefaultISR   0x0042a2    program     extern C:\Users\bakalski\Desktop\cg\main.c
             Delay10KTCYx   0x004cca    program     extern C:\Microchip\mplabc18\v3.45\src\traditional\delays\d10ktcyx.asm
            DisArmCDCInDB   0x00222a    program     extern C:\Users\bakalski\Desktop\cg\cdc.c
           DisArmCDCOutDB   0x0022c8    program     extern C:\Users\bakalski\Desktop\cg\cdc.c
         FAST_usb_handler   0x0016fe    program     extern C:\Users\bakalski\Desktop\cg\usb_stack.c
                 FXD3232U   0x004c82    program     extern C:\Microchip\mplabc18\v3.45\src\traditional\math\fxd3232u.c
             GetPulseFreq   0x0046c2    program     extern C:\Users\bakalski\Desktop\cg\irWidget.c
             GetPulseTime   0x0045f6    program     extern C:\Users\bakalski\Desktop\cg\irWidget.c
       GetUsbIrToyVersion   0x0041f6    program     extern C:\Users\bakalski\Desktop\cg\main.c
                 High_ISR   0x000008    program     extern C:\Users\bakalski\Desktop\cg\main.c
IRdecoderInterruptHandlerHigh   0x00489a    program     extern C:\Users\bakalski\Desktop\cg\RCdecoder.c
     InterruptHandlerHigh   0x00422a    program     extern C:\Users\bakalski\Desktop\cg\main.c
      InterruptHandlerLow   0x0042a8    program     extern C:\Users\bakalski\Desktop\cg\main.c
             IrS_ReadPort   0x002602    program     extern C:\Users\bakalski\Desktop\cg\IRs.c
         IrS_SetPortEqual   0x00256e    program     extern C:\Users\bakalski\Desktop\cg\IRs.c
     IrS_SetPortTrisEqual   0x0025b8    program     extern C:\Users\bakalski\Desktop\cg\IRs.c
              IrSumpSetup   0x0042ce    program     extern C:\Users\bakalski\Desktop\cg\SUMP.c
             IrT_ReadPort   0x002f90    program     extern C:\Users\bakalski\Desktop\cg\IRt.c
         IrT_SetPortEqual   0x002efc    program     extern C:\Users\bakalski\Desktop\cg\IRt.c
     IrT_SetPortTrisEqual   0x002f46    program     extern C:\Users\bakalski\Desktop\cg\IRt.c
             Irr_ReadPort   0x003706    program     extern C:\Users\bakalski\Desktop\cg\IRr.c
         Irr_SetPortEqual   0x003672    program     extern C:\Users\bakalski\Desktop\cg\IRr.c
     Irr_SetPortTrisEqual   0x0036bc    program     extern C:\Users\bakalski\Desktop\cg\IRr.c
                  Low_ISR   0x000018    program     extern C:\Users\bakalski\Desktop\cg\main.c
        PEEKusbbufgetbyte   0x002524    program     extern C:\Users\bakalski\Desktop\cg\cdc.c
   ProcessDefaultMainMode   0x004090    program     extern C:\Users\bakalski\Desktop\cg\main.c
                ProcessIR   0x004804    program     extern C:\Users\bakalski\Desktop\cg\RCdecoder.c
        Remapped_High_ISR   0x000808    program     extern C:\Users\bakalski\Desktop\cg\main.c
         Remapped_Low_ISR   0x000818    program     extern C:\Users\bakalski\Desktop\cg\main.c
 SUMPInterruptHandlerHigh   0x00445e    program     extern C:\Users\bakalski\Desktop\cg\SUMP.c
                 SelfTest   0x003f5c    program     extern C:\Users\bakalski\Desktop\cg\main.c
       SendCDC_In_ArmNext   0x00215e    program     extern C:\Users\bakalski\Desktop\cg\cdc.c
                  SendZLP   0x00237e    program     extern C:\Users\bakalski\Desktop\cg\cdc.c
     SetUpDefaultMainMode   0x004094    program     extern C:\Users\bakalski\Desktop\cg\main.c
               SetupBoard   0x004154    program     extern C:\Users\bakalski\Desktop\cg\main.c
                 SetupRC5   0x0047dc    program     extern C:\Users\bakalski\Desktop\cg\RCdecoder.c
                SumpReset   0x004450    program     extern C:\Users\bakalski\Desktop\cg\SUMP.c
           USBDeviceTasks   0x0009e2    program     extern C:\Users\bakalski\Desktop\cg\usb_stack.c
Usb2UartInterruptHandlerHigh   0x004ac0    program     extern C:\Users\bakalski\Desktop\cg\usb2uart.c
          Usb2UartService   0x0049f0    program     extern C:\Users\bakalski\Desktop\cg\usb2uart.c
            Usb2UartSetup   0x004982    program     extern C:\Users\bakalski\Desktop\cg\usb2uart.c
       Usb2Uart_CloseUart   0x0049ea    program     extern C:\Users\bakalski\Desktop\cg\usb2uart.c
        Usb2Uart_InitUart   0x0049b2    program     extern C:\Users\bakalski\Desktop\cg\usb2uart.c
              WaitInReady   0x001fcc    program     extern C:\Users\bakalski\Desktop\cg\cdc.c
             WaitOutReady   0x001f94    program     extern C:\Users\bakalski\Desktop\cg\cdc.c
              _4jContinue   0x004c60    program     static C:\Microchip\mplabc18\v3.45\src\traditional\stdclib\memcpy.asm
                   _5jEnd   0x004c6a    program     static C:\Microchip\mplabc18\v3.45\src\traditional\stdclib\memcpy.asm
       _D10KTCYXCODE_0010   0x004cda    program     static C:\Microchip\mplabc18\v3.45\src\traditional\delays\d10ktcyx.asm
       _D10KTCYXCODE_001C   0x004ce6    program     static C:\Microchip\mplabc18\v3.45\src\traditional\delays\d10ktcyx.asm
       ___case_0_lbl00028   0x003e64    program     static                          
       ___case_0_lbl00091   0x00428a    program     static                          
     ___case_109_lbl00036   0x003f16    program     static                          
     ___case_110_lbl00038   0x003f22    program     static                          
     ___case_112_lbl00046   0x003f42    program     static                          
     ___case_114_lbl00033   0x003ed8    program     static                          
     ___case_115_lbl00034   0x003f0a    program     static                          
     ___case_116_lbl00042   0x003f3a    program     static                          
     ___case_117_lbl00040   0x003f2e    program     static                          
     ___case_118_lbl00044   0x003f3e    program     static                          
       ___case_1_lbl00027   0x003e64    program     static                          
       ___case_1_lbl00089   0x00427e    program     static                          
       ___case_2_lbl00015   0x003dfc    program     static                          
       ___case_2_lbl00026   0x003e64    program     static                          
       ___case_2_lbl00088   0x004278    program     static                          
      ___case_36_lbl00048   0x003f50    program     static                          
       ___case_3_lbl00017   0x003e08    program     static                          
       ___case_3_lbl00085   0x004266    program     static                          
       ___case_4_lbl00019   0x003e14    program     static                          
       ___case_4_lbl00086   0x00426c    program     static                          
       ___case_5_lbl00021   0x003e20    program     static                          
       ___case_5_lbl00087   0x004272    program     static                          
       ___case_6_lbl00023   0x003e2c    program     static                          
       ___case_6_lbl00090   0x004284    program     static                          
      ___case_77_lbl00037   0x003f16    program     static                          
      ___case_78_lbl00039   0x003f22    program     static                          
       ___case_7_lbl00084   0x004260    program     static                          
      ___case_80_lbl00047   0x003f42    program     static                          
      ___case_82_lbl00032   0x003ed8    program     static                          
      ___case_83_lbl00035   0x003f0a    program     static                          
      ___case_84_lbl00043   0x003f3a    program     static                          
      ___case_85_lbl00041   0x003f2e    program     static                          
      ___case_86_lbl00045   0x003f3e    program     static                          
      ___default_lbl00024   0x003e38    program     static                          
      ___default_lbl00092   0x004290    program     static                          
           ___do_lbl00003   0x003dda    program     static                          
           ___do_lbl00004   0x003de2    program     static                          
           ___do_lbl00012   0x003da6    program     static                          
         ___else_lbl00009   0x003dc6    program     static                          
         ___else_lbl00011   0x003dba    program     static                          
           ___if_lbl00005   0x003dae    program     static                          
           ___if_lbl00007   0x003dda    program     static                          
           ___if_lbl00008   0x003dda    program     static                          
           ___if_lbl00010   0x003dda    program     static                          
           ___if_lbl00014   0x003e06    program     static                          
           ___if_lbl00016   0x003e12    program     static                          
           ___if_lbl00018   0x003e1e    program     static                          
           ___if_lbl00020   0x003e2a    program     static                          
           ___if_lbl00022   0x003e36    program     static                          
           ___if_lbl00029   0x003e78    program     static                          
           ___if_lbl00030   0x003e7a    program     static                          
           ___if_lbl00049   0x003f56    program     static                          
       ___return_lbl00000   0x000004    program     static                          
       ___return_lbl00000   0x003f5a    program     static                          
       ___return_lbl00000   0x004cc8    program     static                          
       ___return_lbl00001   0x004d32    program     static                          
       ___return_lbl00002   0x004c2a    program     static                          
       ___return_lbl00082   0x004292    program     static                          
       ___return_lbl00093   0x0042a6    program     static                          
       ___return_lbl00095   0x00080c    program     static                          
       ___return_lbl00096   0x00081c    program     static                          
       ___return_lbl00097   0x000804    program     static                          
       ___return_lbl00098   0x00000c    program     static                          
       ___return_lbl00099   0x00001c    program     static                          
   ___switchexit_lbl00013   0x003f58    program     static                          
   ___switchexit_lbl00025   0x003e7a    program     static                          
   ___switchexit_lbl00031   0x003f56    program     static                          
   ___switchexit_lbl00083   0x004292    program     static                          
        ___while_lbl00001   0x003da6    program     static                          
        ___while_lbl00002   0x003f5a    program     static                          
               __config_0   0x300000    program     static C:\Users\bakalski\Desktop\cg\main.c
               __config_1   0x300001    program     static C:\Users\bakalski\Desktop\cg\main.c
              __config_10   0x30000c    program     static C:\Users\bakalski\Desktop\cg\main.c
              __config_11   0x30000d    program     static C:\Users\bakalski\Desktop\cg\main.c
               __config_2   0x300002    program     static C:\Users\bakalski\Desktop\cg\main.c
               __config_3   0x300003    program     static C:\Users\bakalski\Desktop\cg\main.c
               __config_4   0x300005    program     static C:\Users\bakalski\Desktop\cg\main.c
               __config_5   0x300006    program     static C:\Users\bakalski\Desktop\cg\main.c
               __config_6   0x300008    program     static C:\Users\bakalski\Desktop\cg\main.c
               __config_7   0x300009    program     static C:\Users\bakalski\Desktop\cg\main.c
               __config_8   0x30000a    program     static C:\Users\bakalski\Desktop\cg\main.c
               __config_9   0x30000b    program     static C:\Users\bakalski\Desktop\cg\main.c
                   __init   0x004d34    program     extern C:\Microchip\mplabc18\v3.45\src\traditional\stdclib\__init.c
               __tmplbl_0   0x003dd4    program     static                          
               __tmplbl_1   0x003dcc    program     static                          
            __zero_memory   0x004cf8    program     extern E:\3.46\pic18-lt\cxx-framework\src\traditional\proc\p18f2550.asm
                _do_cinit   0x004b8e    program     extern E:\3.46\pic18-lt\cxx-framework\src\traditional\startup\c018i.c
                   _entry   0x000000    program     extern E:\3.46\pic18-lt\cxx-framework\src\traditional\startup\c018i.c
                   _false   0x004cc4    program     static                          
                   _reset   0x000800    program     extern C:\Users\bakalski\Desktop\cg\main.c
                 _startup   0x004d18    program     extern E:\3.46\pic18-lt\cxx-framework\src\traditional\startup\c018i.c
    cdc_config_descriptor   0x004af0    program     extern C:\Users\bakalski\Desktop\cg\descriptors.h
    cdc_device_descriptor   0x004ade    program     extern C:\Users\bakalski\Desktop\cg\descriptors.h
      cdc_get_line_coding   0x001dee    program     extern C:\Users\bakalski\Desktop\cg\cdc.c
cdc_set_control_line_state_status   0x001f7c    program     extern C:\Users\bakalski\Desktop\cg\cdc.c
 cdc_set_line_coding_data   0x001e06    program     extern C:\Users\bakalski\Desktop\cg\cdc.c
cdc_set_line_coding_status   0x001f64    program     extern C:\Users\bakalski\Desktop\cg\cdc.c
                cdc_setup   0x001bf8    program     extern C:\Users\bakalski\Desktop\cg\cdc.c
            cdc_str_descs   0x004b33    program     extern C:\Users\bakalski\Desktop\cg\descriptors.h
                  cleanup   0x002d6c    program     extern C:\Users\bakalski\Desktop\cg\IRs.c
                 cleanupr   0x003c10    program     extern C:\Users\bakalski\Desktop\cg\IRr.c
                 cleanupt   0x003600    program     extern C:\Users\bakalski\Desktop\cg\IRt.c
                compare_l   0x004d0e    program     static E:\3.46\pic18-lt\cxx-framework\src\traditional\proc\p18f2550.asm
                copy_loop   0x004c00    program     static                          
            copy_one_byte   0x004c06    program     static                          
                     done   0x004c2a    program     static                          
             done_copying   0x004c14    program     static                          
       getCDC_Out_ArmNext   0x0020ca    program     extern C:\Users\bakalski\Desktop\cg\cdc.c
               getInReady   0x0023c8    program     extern C:\Users\bakalski\Desktop\cg\cdc.c
              getOutReady   0x0023b0    program     extern C:\Users\bakalski\Desktop\cg\cdc.c
             getsUSBUSART   0x0023e0    program     extern C:\Users\bakalski\Desktop\cg\cdc.c
                  initCDC   0x001b28    program     extern C:\Users\bakalski\Desktop\cg\cdc.c
            irSUMPservice   0x0042ea    program     extern C:\Users\bakalski\Desktop\cg\SUMP.c
  irWInterruptHandlerHigh   0x004728    program     extern C:\Users\bakalski\Desktop\cg\irWidget.c
          irWidgetservice   0x0045ba    program     extern C:\Users\bakalski\Desktop\cg\irWidget.c
  irrInterruptHandlerHigh   0x003c2a    program     extern C:\Users\bakalski\Desktop\cg\IRr.c
               irrService   0x0037dc    program     extern C:\Users\bakalski\Desktop\cg\IRr.c
                 irrSetup   0x003750    program     extern C:\Users\bakalski\Desktop\cg\IRr.c
  irsInterruptHandlerHigh   0x002d86    program     extern C:\Users\bakalski\Desktop\cg\IRs.c
               irsService   0x0026d8    program     extern C:\Users\bakalski\Desktop\cg\IRs.c
                 irsSetup   0x00264c    program     extern C:\Users\bakalski\Desktop\cg\IRs.c
  irtInterruptHandlerHigh   0x00361a    program     extern C:\Users\bakalski\Desktop\cg\IRt.c
               irtService   0x003066    program     extern C:\Users\bakalski\Desktop\cg\IRt.c
                 irtSetup   0x002fda    program     extern C:\Users\bakalski\Desktop\cg\IRt.c
                     jEnd   0x004c70    program     static C:\Microchip\mplabc18\v3.45\src\traditional\stdclib\memcpy.asm
                    jLoop   0x004c54    program     static C:\Microchip\mplabc18\v3.45\src\traditional\stdclib\memcpy.asm
                     loop   0x004d28    program     static                          
                     loop   0x004c90    program     static                          
                   loop_h   0x004d06    program     static E:\3.46\pic18-lt\cxx-framework\src\traditional\proc\p18f2550.asm
                   loop_l   0x004d10    program     static E:\3.46\pic18-lt\cxx-framework\src\traditional\proc\p18f2550.asm
                     main   0x003d5a    program     extern C:\Users\bakalski\Desktop\cg\main.c
                   memcpy   0x004c2c    program     extern C:\Microchip\mplabc18\v3.45\src\traditional\stdclib\memcpy.asm
     putFULLARRAYUSBUSART   0x002080    program     extern C:\Users\bakalski\Desktop\cg\cdc.c
     putPARTARRAYUSBUSART   0x002004    program     extern C:\Users\bakalski\Desktop\cg\cdc.c
                     test   0x004ba8    program     static                          
         usb_RequestError   0x00199c    program     extern C:\Users\bakalski\Desktop\cg\usb_stack.c
                  usb_ack   0x0018d0    program     extern C:\Users\bakalski\Desktop\cg\usb_stack.c
             usb_ack_dat1   0x001954    program     extern C:\Users\bakalski\Desktop\cg\usb_stack.c
             usb_ack_zero   0x00190a    program     extern C:\Users\bakalski\Desktop\cg\usb_stack.c
usb_handle_StandardDeviceRequest   0x000cba    program     extern C:\Users\bakalski\Desktop\cg\usb_stack.c
usb_handle_StandardEndpointRequest   0x001468    program     extern C:\Users\bakalski\Desktop\cg\usb_stack.c
usb_handle_StandardInterfaceRequest   0x001306    program     extern C:\Users\bakalski\Desktop\cg\usb_stack.c
         usb_handle_error   0x000a1c    program     extern C:\Users\bakalski\Desktop\cg\usb_stack.c
            usb_handle_in   0x001738    program     extern C:\Users\bakalski\Desktop\cg\usb_stack.c
           usb_handle_out   0x001792    program     extern C:\Users\bakalski\Desktop\cg\usb_stack.c
         usb_handle_reset   0x000a20    program     extern C:\Users\bakalski\Desktop\cg\usb_stack.c
         usb_handle_setup   0x000b54    program     extern C:\Users\bakalski\Desktop\cg\usb_stack.c
   usb_handle_transaction   0x000aec    program     extern C:\Users\bakalski\Desktop\cg\usb_stack.c
              usb_handler   0x0009e6    program     extern C:\Users\bakalski\Desktop\cg\usb_stack.c
                 usb_init   0x000880    program     extern C:\Users\bakalski\Desktop\cg\usb_stack.c
usb_register_class_setup_handler   0x001818    program     extern C:\Users\bakalski\Desktop\cg\usb_stack.c
 usb_register_sof_handler   0x0017fc    program     extern C:\Users\bakalski\Desktop\cg\usb_stack.c
usb_register_vendor_setup_handler   0x001834    program     extern C:\Users\bakalski\Desktop\cg\usb_stack.c
             usb_send_rom   0x0019d6    program     extern C:\Users\bakalski\Desktop\cg\usb_stack.c
          usb_set_address   0x0019aa    program     extern C:\Users\bakalski\Desktop\cg\usb_stack.c
       usb_set_in_handler   0x001850    program     extern C:\Users\bakalski\Desktop\cg\usb_stack.c
      usb_set_out_handler   0x00188c    program     extern C:\Users\bakalski\Desktop\cg\usb_stack.c
                usb_start   0x0009ce    program     extern C:\Users\bakalski\Desktop\cg\usb_stack.c
              usbbufflush   0x002566    program     extern C:\Users\bakalski\Desktop\cg\cdc.c
            usbbufgetbyte   0x0024de    program     extern C:\Users\bakalski\Desktop\cg\cdc.c
            usbbufservice   0x0024b2    program     extern C:\Users\bakalski\Desktop\cg\cdc.c
     user_configured_init   0x001b54    program     extern C:\Users\bakalski\Desktop\cg\cdc.c
               zero_block   0x004d06    program     static E:\3.46\pic18-lt\cxx-framework\src\traditional\proc\p18f2550.asm
                   ADCON0   0x000fc2       data     extern E:\3.46\pic18-lt\cxx-framework\src\traditional\proc\p18f2550.asm
               ADCON0bits   0x000fc2       data     extern E:\3.46\pic18-lt\cxx-framework\src\traditional\proc\p18f2550.asm
                   ADCON1   0x000fc1       data     extern E:\3.46\pic18-lt\cxx-framework\src\traditional\proc\p18f2550.asm
               ADCON1bits   0x000fc1       data     extern E:\3.46\pic18-lt\cxx-framework\src\traditional\proc\p18f2550.asm
                   ADCON2   0x000fc0       data     extern E:\3.46\pic18-lt\cxx-framework\src\traditional\proc\p18f2550.asm
               ADCON2bits   0x000fc0       data     extern E:\3.46\pic18-lt\cxx-framework\src\traditional\proc\p18f2550.asm
                    ADRES   0x000fc3       data     extern E:\3.46\pic18-lt\cxx-framework\src\traditional\proc\p18f2550.asm
                   ADRESH   0x000fc4       data     extern E:\3.46\pic18-lt\cxx-framework\src\traditional\proc\p18f2550.asm
                   ADRESL   0x000fc3       data     extern E:\3.46\pic18-lt\cxx-framework\src\traditional\proc\p18f2550.asm
                  BAUDCON   0x000fb8       data     extern E:\3.46\pic18-lt\cxx-framework\src\traditional\proc\p18f2550.asm
              BAUDCONbits   0x000fb8       data     extern E:\3.46\pic18-lt\cxx-framework\src\traditional\proc\p18f2550.asm
                  BAUDCTL   0x000fb8       data     extern E:\3.46\pic18-lt\cxx-framework\src\traditional\proc\p18f2550.asm
              BAUDCTLbits   0x000fb8       data     extern E:\3.46\pic18-lt\cxx-framework\src\traditional\proc\p18f2550.asm
                      BSR   0x000fe0       data     extern E:\3.46\pic18-lt\cxx-framework\src\traditional\proc\p18f2550.asm
                   CCP1AS   0x000fb6       data     extern E:\3.46\pic18-lt\cxx-framework\src\traditional\proc\p18f2550.asm
               CCP1ASbits   0x000fb6       data     extern E:\3.46\pic18-lt\cxx-framework\src\traditional\proc\p18f2550.asm
                  CCP1CON   0x000fbd       data     extern E:\3.46\pic18-lt\cxx-framework\src\traditional\proc\p18f2550.asm
              CCP1CONbits   0x000fbd       data     extern E:\3.46\pic18-lt\cxx-framework\src\traditional\proc\p18f2550.asm
                  CCP1DEL   0x000fb7       data     extern E:\3.46\pic18-lt\cxx-framework\src\traditional\proc\p18f2550.asm
              CCP1DELbits   0x000fb7       data     extern E:\3.46\pic18-lt\cxx-framework\src\traditional\proc\p18f2550.asm
                  CCP2CON   0x000fba       data     extern E:\3.46\pic18-lt\cxx-framework\src\traditional\proc\p18f2550.asm
              CCP2CONbits   0x000fba       data     extern E:\3.46\pic18-lt\cxx-framework\src\traditional\proc\p18f2550.asm
                    CCPR1   0x000fbe       data     extern E:\3.46\pic18-lt\cxx-framework\src\traditional\proc\p18f2550.asm
                   CCPR1H   0x000fbf       data     extern E:\3.46\pic18-lt\cxx-framework\src\traditional\proc\p18f2550.asm
                   CCPR1L   0x000fbe       data     extern E:\3.46\pic18-lt\cxx-framework\src\traditional\proc\p18f2550.asm
                    CCPR2   0x000fbb       data     extern E:\3.46\pic18-lt\cxx-framework\src\traditional\proc\p18f2550.asm
                   CCPR2H   0x000fbc       data     extern E:\3.46\pic18-lt\cxx-framework\src\traditional\proc\p18f2550.asm
                   CCPR2L   0x000fbb       data     extern E:\3.46\pic18-lt\cxx-framework\src\traditional\proc\p18f2550.asm
         CDCFunctionError   0x0001b8       data     extern C:\Users\bakalski\Desktop\cg\cdc.c
                    CMCON   0x000fb4       data     extern E:\3.46\pic18-lt\cxx-framework\src\traditional\proc\p18f2550.asm
                CMCONbits   0x000fb4       data     extern E:\3.46\pic18-lt\cxx-framework\src\traditional\proc\p18f2550.asm
                   CVRCON   0x000fb5       data     extern E:\3.46\pic18-lt\cxx-framework\src\traditional\proc\p18f2550.asm
               CVRCONbits   0x000fb5       data     extern E:\3.46\pic18-lt\cxx-framework\src\traditional\proc\p18f2550.asm
            Configbuffctr   0x0000e4       data     static C:\Users\bakalski\Desktop\cg\usb2uart.c
                     DDRA   0x000f92       data     extern E:\3.46\pic18-lt\cxx-framework\src\traditional\proc\p18f2550.asm
                 DDRAbits   0x000f92       data     extern E:\3.46\pic18-lt\cxx-framework\src\traditional\proc\p18f2550.asm
                     DDRB   0x000f93       data     extern E:\3.46\pic18-lt\cxx-framework\src\traditional\proc\p18f2550.asm
                 DDRBbits   0x000f93       data     extern E:\3.46\pic18-lt\cxx-framework\src\traditional\proc\p18f2550.asm
                     DDRC   0x000f94       data     extern E:\3.46\pic18-lt\cxx-framework\src\traditional\proc\p18f2550.asm
                 DDRCbits   0x000f94       data     extern E:\3.46\pic18-lt\cxx-framework\src\traditional\proc\p18f2550.asm
            DelayCounter1   0x000019       data     extern C:\Microchip\mplabc18\v3.45\src\traditional\delays\delayd1.asm
            DelayCounter2   0x000018       data     extern C:\Microchip\mplabc18\v3.45\src\traditional\delays\delayd2.asm
                  ECCP1AS   0x000fb6       data     extern E:\3.46\pic18-lt\cxx-framework\src\traditional\proc\p18f2550.asm
              ECCP1ASbits   0x000fb6       data     extern E:\3.46\pic18-lt\cxx-framework\src\traditional\proc\p18f2550.asm
                 ECCP1DEL   0x000fb7       data     extern E:\3.46\pic18-lt\cxx-framework\src\traditional\proc\p18f2550.asm
             ECCP1DELbits   0x000fb7       data     extern E:\3.46\pic18-lt\cxx-framework\src\traditional\proc\p18f2550.asm
                    EEADR   0x000fa9       data     extern E:\3.46\pic18-lt\cxx-framework\src\traditional\proc\p18f2550.asm
                   EECON1   0x000fa6       data     extern E:\3.46\pic18-lt\cxx-framework\src\traditional\proc\p18f2550.asm
               EECON1bits   0x000fa6       data     extern E:\3.46\pic18-lt\cxx-framework\src\traditional\proc\p18f2550.asm
                   EECON2   0x000fa7       data     extern E:\3.46\pic18-lt\cxx-framework\src\traditional\proc\p18f2550.asm
                   EEDATA   0x000fa8       data     extern E:\3.46\pic18-lt\cxx-framework\src\traditional\proc\p18f2550.asm
                     FSR0   0x000fe9       data     extern E:\3.46\pic18-lt\cxx-framework\src\traditional\proc\p18f2550.asm
                    FSR0H   0x000fea       data     extern E:\3.46\pic18-lt\cxx-framework\src\traditional\proc\p18f2550.asm
                    FSR0L   0x000fe9       data     extern E:\3.46\pic18-lt\cxx-framework\src\traditional\proc\p18f2550.asm
                     FSR1   0x000fe1       data     extern E:\3.46\pic18-lt\cxx-framework\src\traditional\proc\p18f2550.asm
                    FSR1H   0x000fe2       data     extern E:\3.46\pic18-lt\cxx-framework\src\traditional\proc\p18f2550.asm
                    FSR1L   0x000fe1       data     extern E:\3.46\pic18-lt\cxx-framework\src\traditional\proc\p18f2550.asm
                     FSR2   0x000fd9       data     extern E:\3.46\pic18-lt\cxx-framework\src\traditional\proc\p18f2550.asm
                    FSR2H   0x000fda       data     extern E:\3.46\pic18-lt\cxx-framework\src\traditional\proc\p18f2550.asm
                    FSR2L   0x000fd9       data     extern E:\3.46\pic18-lt\cxx-framework\src\traditional\proc\p18f2550.asm
                  HLVDCON   0x000fd2       data     extern E:\3.46\pic18-lt\cxx-framework\src\traditional\proc\p18f2550.asm
              HLVDCONbits   0x000fd2       data     extern E:\3.46\pic18-lt\cxx-framework\src\traditional\proc\p18f2550.asm
                    INDF0   0x000fef       data     extern E:\3.46\pic18-lt\cxx-framework\src\traditional\proc\p18f2550.asm
                    INDF1   0x000fe7       data     extern E:\3.46\pic18-lt\cxx-framework\src\traditional\proc\p18f2550.asm
                    INDF2   0x000fdf       data     extern E:\3.46\pic18-lt\cxx-framework\src\traditional\proc\p18f2550.asm
                   INTCON   0x000ff2       data     extern E:\3.46\pic18-lt\cxx-framework\src\traditional\proc\p18f2550.asm
                  INTCON2   0x000ff1       data     extern E:\3.46\pic18-lt\cxx-framework\src\traditional\proc\p18f2550.asm
              INTCON2bits   0x000ff1       data     extern E:\3.46\pic18-lt\cxx-framework\src\traditional\proc\p18f2550.asm
                  INTCON3   0x000ff0       data     extern E:\3.46\pic18-lt\cxx-framework\src\traditional\proc\p18f2550.asm
              INTCON3bits   0x000ff0       data     extern E:\3.46\pic18-lt\cxx-framework\src\traditional\proc\p18f2550.asm
               INTCONbits   0x000ff2       data     extern E:\3.46\pic18-lt\cxx-framework\src\traditional\proc\p18f2550.asm
                     IPR1   0x000f9f       data     extern E:\3.46\pic18-lt\cxx-framework\src\traditional\proc\p18f2550.asm
                 IPR1bits   0x000f9f       data     extern E:\3.46\pic18-lt\cxx-framework\src\traditional\proc\p18f2550.asm
                     IPR2   0x000fa2       data     extern E:\3.46\pic18-lt\cxx-framework\src\traditional\proc\p18f2550.asm
                 IPR2bits   0x000fa2       data     extern E:\3.46\pic18-lt\cxx-framework\src\traditional\proc\p18f2550.asm
                    InPtr   0x0001b0       data     extern C:\Users\bakalski\Desktop\cg\cdc.c
                    Inbdp   0x0001b6       data     extern C:\Users\bakalski\Desktop\cg\cdc.c
              IsInBufferA   0x0001ae       data     extern C:\Users\bakalski\Desktop\cg\cdc.c
             IsOutBufferA   0x0001af       data     extern C:\Users\bakalski\Desktop\cg\cdc.c
                     LATA   0x000f89       data     extern E:\3.46\pic18-lt\cxx-framework\src\traditional\proc\p18f2550.asm
                 LATAbits   0x000f89       data     extern E:\3.46\pic18-lt\cxx-framework\src\traditional\proc\p18f2550.asm
                     LATB   0x000f8a       data     extern E:\3.46\pic18-lt\cxx-framework\src\traditional\proc\p18f2550.asm
                 LATBbits   0x000f8a       data     extern E:\3.46\pic18-lt\cxx-framework\src\traditional\proc\p18f2550.asm
                     LATC   0x000f8b       data     extern E:\3.46\pic18-lt\cxx-framework\src\traditional\proc\p18f2550.asm
                 LATCbits   0x000f8b       data     extern E:\3.46\pic18-lt\cxx-framework\src\traditional\proc\p18f2550.asm
                  LAstate   0x0000fd       data     static C:\Users\bakalski\Desktop\cg\SUMP.c
                   LVDCON   0x000fd2       data     extern E:\3.46\pic18-lt\cxx-framework\src\traditional\proc\p18f2550.asm
               LVDCONbits   0x000fd2       data     extern E:\3.46\pic18-lt\cxx-framework\src\traditional\proc\p18f2550.asm
         LineStateUpdated   0x000244       data     extern C:\Users\bakalski\Desktop\cg\cdc.c
                   OSCCON   0x000fd3       data     extern E:\3.46\pic18-lt\cxx-framework\src\traditional\proc\p18f2550.asm
               OSCCONbits   0x000fd3       data     extern E:\3.46\pic18-lt\cxx-framework\src\traditional\proc\p18f2550.asm
                  OSCTUNE   0x000f9b       data     extern E:\3.46\pic18-lt\cxx-framework\src\traditional\proc\p18f2550.asm
              OSCTUNEbits   0x000f9b       data     extern E:\3.46\pic18-lt\cxx-framework\src\traditional\proc\p18f2550.asm
                   OutPtr   0x0001b2       data     extern C:\Users\bakalski\Desktop\cg\cdc.c
                   Outbdp   0x0001b4       data     extern C:\Users\bakalski\Desktop\cg\cdc.c
                       PC   0x000ff9       data     extern E:\3.46\pic18-lt\cxx-framework\src\traditional\proc\p18f2550.asm
                      PCL   0x000ff9       data     extern E:\3.46\pic18-lt\cxx-framework\src\traditional\proc\p18f2550.asm
                   PCLATH   0x000ffa       data     extern E:\3.46\pic18-lt\cxx-framework\src\traditional\proc\p18f2550.asm
                   PCLATU   0x000ffb       data     extern E:\3.46\pic18-lt\cxx-framework\src\traditional\proc\p18f2550.asm
                     PIE1   0x000f9d       data     extern E:\3.46\pic18-lt\cxx-framework\src\traditional\proc\p18f2550.asm
                 PIE1bits   0x000f9d       data     extern E:\3.46\pic18-lt\cxx-framework\src\traditional\proc\p18f2550.asm
                     PIE2   0x000fa0       data     extern E:\3.46\pic18-lt\cxx-framework\src\traditional\proc\p18f2550.asm
                 PIE2bits   0x000fa0       data     extern E:\3.46\pic18-lt\cxx-framework\src\traditional\proc\p18f2550.asm
                     PIR1   0x000f9e       data     extern E:\3.46\pic18-lt\cxx-framework\src\traditional\proc\p18f2550.asm
                 PIR1bits   0x000f9e       data     extern E:\3.46\pic18-lt\cxx-framework\src\traditional\proc\p18f2550.asm
                     PIR2   0x000fa1       data     extern E:\3.46\pic18-lt\cxx-framework\src\traditional\proc\p18f2550.asm
                 PIR2bits   0x000fa1       data     extern E:\3.46\pic18-lt\cxx-framework\src\traditional\proc\p18f2550.asm
                   PLUSW0   0x000feb       data     extern E:\3.46\pic18-lt\cxx-framework\src\traditional\proc\p18f2550.asm
                   PLUSW1   0x000fe3       data     extern E:\3.46\pic18-lt\cxx-framework\src\traditional\proc\p18f2550.asm
                   PLUSW2   0x000fdb       data     extern E:\3.46\pic18-lt\cxx-framework\src\traditional\proc\p18f2550.asm
                    PORTA   0x000f80       data     extern E:\3.46\pic18-lt\cxx-framework\src\traditional\proc\p18f2550.asm
                PORTAbits   0x000f80       data     extern E:\3.46\pic18-lt\cxx-framework\src\traditional\proc\p18f2550.asm
                    PORTB   0x000f81       data     extern E:\3.46\pic18-lt\cxx-framework\src\traditional\proc\p18f2550.asm
                PORTBbits   0x000f81       data     extern E:\3.46\pic18-lt\cxx-framework\src\traditional\proc\p18f2550.asm
                    PORTC   0x000f82       data     extern E:\3.46\pic18-lt\cxx-framework\src\traditional\proc\p18f2550.asm
                PORTCbits   0x000f82       data     extern E:\3.46\pic18-lt\cxx-framework\src\traditional\proc\p18f2550.asm
                    PORTE   0x000f84       data     extern E:\3.46\pic18-lt\cxx-framework\src\traditional\proc\p18f2550.asm
                PORTEbits   0x000f84       data     extern E:\3.46\pic18-lt\cxx-framework\src\traditional\proc\p18f2550.asm
                 POSTDEC0   0x000fed       data     extern E:\3.46\pic18-lt\cxx-framework\src\traditional\proc\p18f2550.asm
                 POSTDEC1   0x000fe5       data     extern E:\3.46\pic18-lt\cxx-framework\src\traditional\proc\p18f2550.asm
                 POSTDEC2   0x000fdd       data     extern E:\3.46\pic18-lt\cxx-framework\src\traditional\proc\p18f2550.asm
                 POSTINC0   0x000fee       data     extern E:\3.46\pic18-lt\cxx-framework\src\traditional\proc\p18f2550.asm
                 POSTINC1   0x000fe6       data     extern E:\3.46\pic18-lt\cxx-framework\src\traditional\proc\p18f2550.asm
                 POSTINC2   0x000fde       data     extern E:\3.46\pic18-lt\cxx-framework\src\traditional\proc\p18f2550.asm
                      PR2   0x000fcb       data     extern E:\3.46\pic18-lt\cxx-framework\src\traditional\proc\p18f2550.asm
                  PREINC0   0x000fec       data     extern E:\3.46\pic18-lt\cxx-framework\src\traditional\proc\p18f2550.asm
                  PREINC1   0x000fe4       data     extern E:\3.46\pic18-lt\cxx-framework\src\traditional\proc\p18f2550.asm
                  PREINC2   0x000fdc       data     extern E:\3.46\pic18-lt\cxx-framework\src\traditional\proc\p18f2550.asm
                     PROD   0x000ff3       data     extern E:\3.46\pic18-lt\cxx-framework\src\traditional\proc\p18f2550.asm
                    PRODH   0x000ff4       data     extern E:\3.46\pic18-lt\cxx-framework\src\traditional\proc\p18f2550.asm
                    PRODL   0x000ff3       data     extern E:\3.46\pic18-lt\cxx-framework\src\traditional\proc\p18f2550.asm
                      RC5   0x000245       data     static C:\Users\bakalski\Desktop\cg\RCdecoder.c
                     RCON   0x000fd0       data     extern E:\3.46\pic18-lt\cxx-framework\src\traditional\proc\p18f2550.asm
                 RCONbits   0x000fd0       data     extern E:\3.46\pic18-lt\cxx-framework\src\traditional\proc\p18f2550.asm
                    RCREG   0x000fae       data     extern E:\3.46\pic18-lt\cxx-framework\src\traditional\proc\p18f2550.asm
                    RCSTA   0x000fab       data     extern E:\3.46\pic18-lt\cxx-framework\src\traditional\proc\p18f2550.asm
                RCSTAbits   0x000fab       data     extern E:\3.46\pic18-lt\cxx-framework\src\traditional\proc\p18f2550.asm
                 RxBuffer   0x0000f1       data     static C:\Users\bakalski\Desktop\cg\usb2uart.c
            RxBufferCtrIn   0x0000fb       data     static C:\Users\bakalski\Desktop\cg\usb2uart.c
           RxBufferCtrOut   0x0000fc       data     static C:\Users\bakalski\Desktop\cg\usb2uart.c
                     SIGN   0x00000e       data     extern C:\Microchip\mplabc18\v3.45\src\traditional\math\cmath18.asm
                    SPBRG   0x000faf       data     extern E:\3.46\pic18-lt\cxx-framework\src\traditional\proc\p18f2550.asm
                   SPBRGH   0x000fb0       data     extern E:\3.46\pic18-lt\cxx-framework\src\traditional\proc\p18f2550.asm
                   SSPADD   0x000fc8       data     extern E:\3.46\pic18-lt\cxx-framework\src\traditional\proc\p18f2550.asm
                   SSPBUF   0x000fc9       data     extern E:\3.46\pic18-lt\cxx-framework\src\traditional\proc\p18f2550.asm
                  SSPCON1   0x000fc6       data     extern E:\3.46\pic18-lt\cxx-framework\src\traditional\proc\p18f2550.asm
              SSPCON1bits   0x000fc6       data     extern E:\3.46\pic18-lt\cxx-framework\src\traditional\proc\p18f2550.asm
                  SSPCON2   0x000fc5       data     extern E:\3.46\pic18-lt\cxx-framework\src\traditional\proc\p18f2550.asm
              SSPCON2bits   0x000fc5       data     extern E:\3.46\pic18-lt\cxx-framework\src\traditional\proc\p18f2550.asm
                  SSPSTAT   0x000fc7       data     extern E:\3.46\pic18-lt\cxx-framework\src\traditional\proc\p18f2550.asm
              SSPSTATbits   0x000fc7       data     extern E:\3.46\pic18-lt\cxx-framework\src\traditional\proc\p18f2550.asm
                   STATUS   0x000fd8       data     extern E:\3.46\pic18-lt\cxx-framework\src\traditional\proc\p18f2550.asm
               STATUSbits   0x000fd8       data     extern E:\3.46\pic18-lt\cxx-framework\src\traditional\proc\p18f2550.asm
                   STKPTR   0x000ffc       data     extern E:\3.46\pic18-lt\cxx-framework\src\traditional\proc\p18f2550.asm
               STKPTRbits   0x000ffc       data     extern E:\3.46\pic18-lt\cxx-framework\src\traditional\proc\p18f2550.asm
              Sm_Usb_Uart   0x0000e3       data     static C:\Users\bakalski\Desktop\cg\usb2uart.c
                    T0CON   0x000fd5       data     extern E:\3.46\pic18-lt\cxx-framework\src\traditional\proc\p18f2550.asm
                T0CONbits   0x000fd5       data     extern E:\3.46\pic18-lt\cxx-framework\src\traditional\proc\p18f2550.asm
                    T1CON   0x000fcd       data     extern E:\3.46\pic18-lt\cxx-framework\src\traditional\proc\p18f2550.asm
                T1CONbits   0x000fcd       data     extern E:\3.46\pic18-lt\cxx-framework\src\traditional\proc\p18f2550.asm
                    T2CON   0x000fca       data     extern E:\3.46\pic18-lt\cxx-framework\src\traditional\proc\p18f2550.asm
                T2CONbits   0x000fca       data     extern E:\3.46\pic18-lt\cxx-framework\src\traditional\proc\p18f2550.asm
                    T3CON   0x000fb1       data     extern E:\3.46\pic18-lt\cxx-framework\src\traditional\proc\p18f2550.asm
                T3CONbits   0x000fb1       data     extern E:\3.46\pic18-lt\cxx-framework\src\traditional\proc\p18f2550.asm
                   TABLAT   0x000ff5       data     extern E:\3.46\pic18-lt\cxx-framework\src\traditional\proc\p18f2550.asm
                   TBLPTR   0x000ff6       data     extern E:\3.46\pic18-lt\cxx-framework\src\traditional\proc\p18f2550.asm
                  TBLPTRH   0x000ff7       data     extern E:\3.46\pic18-lt\cxx-framework\src\traditional\proc\p18f2550.asm
                  TBLPTRL   0x000ff6       data     extern E:\3.46\pic18-lt\cxx-framework\src\traditional\proc\p18f2550.asm
                  TBLPTRU   0x000ff8       data     extern E:\3.46\pic18-lt\cxx-framework\src\traditional\proc\p18f2550.asm
                    TMR0H   0x000fd7       data     extern E:\3.46\pic18-lt\cxx-framework\src\traditional\proc\p18f2550.asm
                    TMR0L   0x000fd6       data     extern E:\3.46\pic18-lt\cxx-framework\src\traditional\proc\p18f2550.asm
                    TMR1H   0x000fcf       data     extern E:\3.46\pic18-lt\cxx-framework\src\traditional\proc\p18f2550.asm
                    TMR1L   0x000fce       data     extern E:\3.46\pic18-lt\cxx-framework\src\traditional\proc\p18f2550.asm
                     TMR2   0x000fcc       data     extern E:\3.46\pic18-lt\cxx-framework\src\traditional\proc\p18f2550.asm
                    TMR3H   0x000fb3       data     extern E:\3.46\pic18-lt\cxx-framework\src\traditional\proc\p18f2550.asm
                    TMR3L   0x000fb2       data     extern E:\3.46\pic18-lt\cxx-framework\src\traditional\proc\p18f2550.asm
                      TOS   0x000ffd       data     extern E:\3.46\pic18-lt\cxx-framework\src\traditional\proc\p18f2550.asm
                     TOSH   0x000ffe       data     extern E:\3.46\pic18-lt\cxx-framework\src\traditional\proc\p18f2550.asm
                     TOSL   0x000ffd       data     extern E:\3.46\pic18-lt\cxx-framework\src\traditional\proc\p18f2550.asm
                     TOSU   0x000fff       data     extern E:\3.46\pic18-lt\cxx-framework\src\traditional\proc\p18f2550.asm
                    TRISA   0x000f92       data     extern E:\3.46\pic18-lt\cxx-framework\src\traditional\proc\p18f2550.asm
                TRISAbits   0x000f92       data     extern E:\3.46\pic18-lt\cxx-framework\src\traditional\proc\p18f2550.asm
                    TRISB   0x000f93       data     extern E:\3.46\pic18-lt\cxx-framework\src\traditional\proc\p18f2550.asm
                TRISBbits   0x000f93       data     extern E:\3.46\pic18-lt\cxx-framework\src\traditional\proc\p18f2550.asm
                    TRISC   0x000f94       data     extern E:\3.46\pic18-lt\cxx-framework\src\traditional\proc\p18f2550.asm
                TRISCbits   0x000f94       data     extern E:\3.46\pic18-lt\cxx-framework\src\traditional\proc\p18f2550.asm
                    TXREG   0x000fad       data     extern E:\3.46\pic18-lt\cxx-framework\src\traditional\proc\p18f2550.asm
                    TXSTA   0x000fac       data     extern E:\3.46\pic18-lt\cxx-framework\src\traditional\proc\p18f2550.asm
                TXSTAbits   0x000fac       data     extern E:\3.46\pic18-lt\cxx-framework\src\traditional\proc\p18f2550.asm
                TxBuffCtr   0x0001d1       data     static C:\Users\bakalski\Desktop\cg\IRt.c
                TxBuffCtr   0x000217       data     static C:\Users\bakalski\Desktop\cg\IRr.c
                TxBuffCtr   0x0001f3       data     static C:\Users\bakalski\Desktop\cg\IRs.c
                 TxBuffer   0x0000e5       data     static C:\Users\bakalski\Desktop\cg\usb2uart.c
            TxBufferCtrIn   0x0000ef       data     static C:\Users\bakalski\Desktop\cg\usb2uart.c
           TxBufferCtrOut   0x0000f0       data     static C:\Users\bakalski\Desktop\cg\usb2uart.c
                    UADDR   0x000f6e       data     extern E:\3.46\pic18-lt\cxx-framework\src\traditional\proc\p18f2550.asm
                UADDRbits   0x000f6e       data     extern E:\3.46\pic18-lt\cxx-framework\src\traditional\proc\p18f2550.asm
                     UCFG   0x000f6f       data     extern E:\3.46\pic18-lt\cxx-framework\src\traditional\proc\p18f2550.asm
                 UCFGbits   0x000f6f       data     extern E:\3.46\pic18-lt\cxx-framework\src\traditional\proc\p18f2550.asm
                     UCON   0x000f6d       data     extern E:\3.46\pic18-lt\cxx-framework\src\traditional\proc\p18f2550.asm
                 UCONbits   0x000f6d       data     extern E:\3.46\pic18-lt\cxx-framework\src\traditional\proc\p18f2550.asm
                     UEIE   0x000f6b       data     extern E:\3.46\pic18-lt\cxx-framework\src\traditional\proc\p18f2550.asm
                 UEIEbits   0x000f6b       data     extern E:\3.46\pic18-lt\cxx-framework\src\traditional\proc\p18f2550.asm
                     UEIR   0x000f6a       data     extern E:\3.46\pic18-lt\cxx-framework\src\traditional\proc\p18f2550.asm
                 UEIRbits   0x000f6a       data     extern E:\3.46\pic18-lt\cxx-framework\src\traditional\proc\p18f2550.asm
                     UEP0   0x000f70       data     extern E:\3.46\pic18-lt\cxx-framework\src\traditional\proc\p18f2550.asm
                 UEP0bits   0x000f70       data     extern E:\3.46\pic18-lt\cxx-framework\src\traditional\proc\p18f2550.asm
                     UEP1   0x000f71       data     extern E:\3.46\pic18-lt\cxx-framework\src\traditional\proc\p18f2550.asm
                    UEP10   0x000f7a       data     extern E:\3.46\pic18-lt\cxx-framework\src\traditional\proc\p18f2550.asm
                UEP10bits   0x000f7a       data     extern E:\3.46\pic18-lt\cxx-framework\src\traditional\proc\p18f2550.asm
                    UEP11   0x000f7b       data     extern E:\3.46\pic18-lt\cxx-framework\src\traditional\proc\p18f2550.asm
                UEP11bits   0x000f7b       data     extern E:\3.46\pic18-lt\cxx-framework\src\traditional\proc\p18f2550.asm
                    UEP12   0x000f7c       data     extern E:\3.46\pic18-lt\cxx-framework\src\traditional\proc\p18f2550.asm
                UEP12bits   0x000f7c       data     extern E:\3.46\pic18-lt\cxx-framework\src\traditional\proc\p18f2550.asm
                    UEP13   0x000f7d       data     extern E:\3.46\pic18-lt\cxx-framework\src\traditional\proc\p18f2550.asm
                UEP13bits   0x000f7d       data     extern E:\3.46\pic18-lt\cxx-framework\src\traditional\proc\p18f2550.asm
                    UEP14   0x000f7e       data     extern E:\3.46\pic18-lt\cxx-framework\src\traditional\proc\p18f2550.asm
                UEP14bits   0x000f7e       data     extern E:\3.46\pic18-lt\cxx-framework\src\traditional\proc\p18f2550.asm
                    UEP15   0x000f7f       data     extern E:\3.46\pic18-lt\cxx-framework\src\traditional\proc\p18f2550.asm
                UEP15bits   0x000f7f       data     extern E:\3.46\pic18-lt\cxx-framework\src\traditional\proc\p18f2550.asm
                 UEP1bits   0x000f71       data     extern E:\3.46\pic18-lt\cxx-framework\src\traditional\proc\p18f2550.asm
                     UEP2   0x000f72       data     extern E:\3.46\pic18-lt\cxx-framework\src\traditional\proc\p18f2550.asm
                 UEP2bits   0x000f72       data     extern E:\3.46\pic18-lt\cxx-framework\src\traditional\proc\p18f2550.asm
                     UEP3   0x000f73       data     extern E:\3.46\pic18-lt\cxx-framework\src\traditional\proc\p18f2550.asm
                 UEP3bits   0x000f73       data     extern E:\3.46\pic18-lt\cxx-framework\src\traditional\proc\p18f2550.asm
                     UEP4   0x000f74       data     extern E:\3.46\pic18-lt\cxx-framework\src\traditional\proc\p18f2550.asm
                 UEP4bits   0x000f74       data     extern E:\3.46\pic18-lt\cxx-framework\src\traditional\proc\p18f2550.asm
                     UEP5   0x000f75       data     extern E:\3.46\pic18-lt\cxx-framework\src\traditional\proc\p18f2550.asm
                 UEP5bits   0x000f75       data     extern E:\3.46\pic18-lt\cxx-framework\src\traditional\proc\p18f2550.asm
                     UEP6   0x000f76       data     extern E:\3.46\pic18-lt\cxx-framework\src\traditional\proc\p18f2550.asm
                 UEP6bits   0x000f76       data     extern E:\3.46\pic18-lt\cxx-framework\src\traditional\proc\p18f2550.asm
                     UEP7   0x000f77       data     extern E:\3.46\pic18-lt\cxx-framework\src\traditional\proc\p18f2550.asm
                 UEP7bits   0x000f77       data     extern E:\3.46\pic18-lt\cxx-framework\src\traditional\proc\p18f2550.asm
                     UEP8   0x000f78       data     extern E:\3.46\pic18-lt\cxx-framework\src\traditional\proc\p18f2550.asm
                 UEP8bits   0x000f78       data     extern E:\3.46\pic18-lt\cxx-framework\src\traditional\proc\p18f2550.asm
                     UEP9   0x000f79       data     extern E:\3.46\pic18-lt\cxx-framework\src\traditional\proc\p18f2550.asm
                 UEP9bits   0x000f79       data     extern E:\3.46\pic18-lt\cxx-framework\src\traditional\proc\p18f2550.asm
                     UFRM   0x000f66       data     extern E:\3.46\pic18-lt\cxx-framework\src\traditional\proc\p18f2550.asm
                    UFRMH   0x000f67       data     extern E:\3.46\pic18-lt\cxx-framework\src\traditional\proc\p18f2550.asm
                UFRMHbits   0x000f67       data     extern E:\3.46\pic18-lt\cxx-framework\src\traditional\proc\p18f2550.asm
                    UFRML   0x000f66       data     extern E:\3.46\pic18-lt\cxx-framework\src\traditional\proc\p18f2550.asm
                UFRMLbits   0x000f66       data     extern E:\3.46\pic18-lt\cxx-framework\src\traditional\proc\p18f2550.asm
                      UIE   0x000f69       data     extern E:\3.46\pic18-lt\cxx-framework\src\traditional\proc\p18f2550.asm
                  UIEbits   0x000f69       data     extern E:\3.46\pic18-lt\cxx-framework\src\traditional\proc\p18f2550.asm
                      UIR   0x000f68       data     extern E:\3.46\pic18-lt\cxx-framework\src\traditional\proc\p18f2550.asm
                  UIRbits   0x000f68       data     extern E:\3.46\pic18-lt\cxx-framework\src\traditional\proc\p18f2550.asm
                    USTAT   0x000f6c       data     extern E:\3.46\pic18-lt\cxx-framework\src\traditional\proc\p18f2550.asm
                USTATbits   0x000f6c       data     extern E:\3.46\pic18-lt\cxx-framework\src\traditional\proc\p18f2550.asm
                   WDTCON   0x000fd1       data     extern E:\3.46\pic18-lt\cxx-framework\src\traditional\proc\p18f2550.asm
               WDTCONbits   0x000fd1       data     extern E:\3.46\pic18-lt\cxx-framework\src\traditional\proc\p18f2550.asm
                     WREG   0x000fe8       data     extern E:\3.46\pic18-lt\cxx-framework\src\traditional\proc\p18f2550.asm
                 __AARGB0   0x000007       data     extern C:\Microchip\mplabc18\v3.45\src\traditional\math\aarg.asm
                 __AARGB1   0x000006       data     extern C:\Microchip\mplabc18\v3.45\src\traditional\math\aarg.asm
                 __AARGB2   0x000005       data     extern C:\Microchip\mplabc18\v3.45\src\traditional\math\aarg.asm
                 __AARGB3   0x000004       data     extern C:\Microchip\mplabc18\v3.45\src\traditional\math\aarg.asm
                 __AARGB4   0x000003       data     extern C:\Microchip\mplabc18\v3.45\src\traditional\math\aarg.asm
                 __AARGB5   0x000002       data     extern C:\Microchip\mplabc18\v3.45\src\traditional\math\aarg.asm
                 __AARGB6   0x000001       data     extern C:\Microchip\mplabc18\v3.45\src\traditional\math\aarg.asm
                 __AARGB7   0x000000       data     extern C:\Microchip\mplabc18\v3.45\src\traditional\math\aarg.asm
                   __AEXP   0x000008       data     extern C:\Microchip\mplabc18\v3.45\src\traditional\math\aarg.asm
                 __BARGB0   0x00000c       data     extern C:\Microchip\mplabc18\v3.45\src\traditional\math\barg.asm
                 __BARGB1   0x00000b       data     extern C:\Microchip\mplabc18\v3.45\src\traditional\math\barg.asm
                 __BARGB2   0x00000a       data     extern C:\Microchip\mplabc18\v3.45\src\traditional\math\barg.asm
                 __BARGB3   0x000009       data     extern C:\Microchip\mplabc18\v3.45\src\traditional\math\barg.asm
                   __BEXP   0x00000d       data     extern C:\Microchip\mplabc18\v3.45\src\traditional\math\barg.asm
                __FPFLAGS   0x00000f       data     extern C:\Microchip\mplabc18\v3.45\src\traditional\math\cmath18.asm
            __FPFLAGSbits   0x00000f       data     extern C:\Microchip\mplabc18\v3.45\src\traditional\math\cmath18.asm
                  __REMB0   0x000003       data     extern C:\Microchip\mplabc18\v3.45\src\traditional\math\aarg.asm
                  __REMB1   0x000002       data     extern C:\Microchip\mplabc18\v3.45\src\traditional\math\aarg.asm
                  __REMB2   0x000001       data     extern C:\Microchip\mplabc18\v3.45\src\traditional\math\aarg.asm
                  __REMB3   0x000000       data     extern C:\Microchip\mplabc18\v3.45\src\traditional\math\aarg.asm
                  __tmp_0   0x000010       data     static C:\Users\bakalski\Desktop\cg\IRt.c
                  __tmp_0   0x000010       data     static C:\Users\bakalski\Desktop\cg\irWidget.c
                  __tmp_0   0x000010       data     static C:\Users\bakalski\Desktop\cg\main.c
                  __tmp_0   0x000010       data     static C:\Users\bakalski\Desktop\cg\SUMP.c
                  __tmp_0   0x000010       data     static C:\Users\bakalski\Desktop\cg\IRs.c
                  __tmp_0   0x000010       data     static C:\Users\bakalski\Desktop\cg\usb_stack.c
                  __tmp_0   0x000010       data     static C:\Users\bakalski\Desktop\cg\cdc.c
                  __tmp_0   0x000010       data     static C:\Users\bakalski\Desktop\cg\IRr.c
                     aptr   0x00023c       data     static C:\Users\bakalski\Desktop\cg\irWidget.c
                      bdp   0x000158       data     extern C:\Users\bakalski\Desktop\cg\usb_stack.c
            cdc_In_buffer   0x000500       data     extern C:\Users\bakalski\Desktop\cg\cdc.c
           cdc_In_bufferA   0x000580       data     extern C:\Users\bakalski\Desktop\cg\cdc.c
           cdc_In_bufferB   0x0005c0       data     extern C:\Users\bakalski\Desktop\cg\cdc.c
               cdc_In_len   0x0001ac       data     extern C:\Users\bakalski\Desktop\cg\cdc.c
           cdc_Out_buffer   0x000540       data     extern C:\Users\bakalski\Desktop\cg\cdc.c
          cdc_Out_bufferA   0x000600       data     extern C:\Users\bakalski\Desktop\cg\cdc.c
          cdc_Out_bufferB   0x000640       data     extern C:\Users\bakalski\Desktop\cg\cdc.c
              cdc_Out_len   0x0001ad       data     extern C:\Users\bakalski\Desktop\cg\cdc.c
        cdc_acm_in_buffer   0x000490       data     extern C:\Users\bakalski\Desktop\cg\cdc.c
            cdc_trf_state   0x0001b9       data     extern C:\Users\bakalski\Desktop\cg\cdc.c
      class_setup_handler   0x00010d       data     extern C:\Users\bakalski\Desktop\cg\usb_stack.c
                      cls   0x0001aa       data     extern C:\Users\bakalski\Desktop\cg\cdc.c
                    count   0x00023e       data     static C:\Users\bakalski\Desktop\cg\irWidget.c
                curr_byte   0x000231       data     static E:\3.46\pic18-lt\cxx-framework\src\traditional\startup\c018i.c
               curr_entry   0x000233       data     static E:\3.46\pic18-lt\cxx-framework\src\traditional\startup\c018i.c
                        d   0x0001fe       data     extern C:\Users\bakalski\Desktop\cg\main.c
                 data_ptr   0x000235       data     static E:\3.46\pic18-lt\cxx-framework\src\traditional\startup\c018i.c
             decoderState   0x0000fe       data     static C:\Users\bakalski\Desktop\cg\RCdecoder.c
                endpoints   0x000111       data     extern C:\Users\bakalski\Desktop\cg\usb_stack.c
                        h   0x0001dc       data     static C:\Users\bakalski\Desktop\cg\IRs.c
                        h   0x000200       data     static C:\Users\bakalski\Desktop\cg\IRr.c
                        h   0x0001ba       data     static C:\Users\bakalski\Desktop\cg\IRt.c
                       h1   0x0001c8       data     static C:\Users\bakalski\Desktop\cg\IRt.c
                       h1   0x0001ea       data     static C:\Users\bakalski\Desktop\cg\IRs.c
                       h1   0x00020e       data     static C:\Users\bakalski\Desktop\cg\IRr.c
                       h2   0x0001c9       data     static C:\Users\bakalski\Desktop\cg\IRt.c
                       h2   0x0001eb       data     static C:\Users\bakalski\Desktop\cg\IRs.c
                       h2   0x00020f       data     static C:\Users\bakalski\Desktop\cg\IRr.c
                        i   0x000218       data     static C:\Users\bakalski\Desktop\cg\IRr.c
                        i   0x000248       data     static C:\Users\bakalski\Desktop\cg\RCdecoder.c
                        i   0x0001f4       data     static C:\Users\bakalski\Desktop\cg\IRs.c
                        i   0x0001d2       data     static C:\Users\bakalski\Desktop\cg\IRt.c
                   inByte   0x0000e1       data     extern C:\Users\bakalski\Desktop\cg\main.c
              irIOcommand   0x0001d5       data     static C:\Users\bakalski\Desktop\cg\IRt.c
              irIOcommand   0x0001f7       data     static C:\Users\bakalski\Desktop\cg\IRs.c
              irIOcommand   0x00021b       data     static C:\Users\bakalski\Desktop\cg\IRr.c
                irIOstate   0x0000ff       data     static C:\Users\bakalski\Desktop\cg\IRt.c
                irIOstate   0x00024a       data     static C:\Users\bakalski\Desktop\cg\IRr.c
                irIOstate   0x000249       data     static C:\Users\bakalski\Desktop\cg\IRs.c
                      irR   0x000212       data     static C:\Users\bakalski\Desktop\cg\IRr.c
                      irS   0x0001ee       data     static C:\Users\bakalski\Desktop\cg\IRs.c
                      irS   0x0001cc       data     static C:\Users\bakalski\Desktop\cg\IRt.c
                    irToy   0x000060       data     extern C:\Users\bakalski\Desktop\cg\main.c
                      irW   0x000238       data     static C:\Users\bakalski\Desktop\cg\irWidget.c
                        l   0x0001bb       data     static C:\Users\bakalski\Desktop\cg\IRt.c
                        l   0x000201       data     static C:\Users\bakalski\Desktop\cg\IRr.c
                        l   0x0001dd       data     static C:\Users\bakalski\Desktop\cg\IRs.c
                       l1   0x0001ca       data     static C:\Users\bakalski\Desktop\cg\IRt.c
                       l1   0x0001ec       data     static C:\Users\bakalski\Desktop\cg\IRs.c
                       l1   0x000210       data     static C:\Users\bakalski\Desktop\cg\IRr.c
                       l2   0x0001ed       data     static C:\Users\bakalski\Desktop\cg\IRs.c
                       l2   0x000211       data     static C:\Users\bakalski\Desktop\cg\IRr.c
                       l2   0x0001cb       data     static C:\Users\bakalski\Desktop\cg\IRt.c
                  ledtrig   0x0000e2       data     static C:\Users\bakalski\Desktop\cg\main.c
              linecodeing   0x000161       data     extern C:\Users\bakalski\Desktop\cg\cdc.c
                     loga   0x000222       data     static C:\Users\bakalski\Desktop\cg\SUMP.c
                  modFreq   0x000205       data     static C:\Users\bakalski\Desktop\cg\IRr.c
                  modFreq   0x0001bf       data     static C:\Users\bakalski\Desktop\cg\IRt.c
                  modFreq   0x0001e1       data     static C:\Users\bakalski\Desktop\cg\IRs.c
               modFreqCnt   0x00020d       data     static C:\Users\bakalski\Desktop\cg\IRr.c
               modFreqCnt   0x0001c7       data     static C:\Users\bakalski\Desktop\cg\IRt.c
               modFreqCnt   0x0001e9       data     static C:\Users\bakalski\Desktop\cg\IRs.c
                     mode   0x0001ff       data     static C:\Users\bakalski\Desktop\cg\main.c
               parity_str   0x00023f       data     extern C:\Users\bakalski\Desktop\cg\cdc.c
                     prom   0x00022e       data     static E:\3.46\pic18-lt\cxx-framework\src\traditional\startup\c018i.c
                     rbdp   0x00015a       data     extern C:\Users\bakalski\Desktop\cg\usb_stack.c
              sof_handler   0x00010b       data     extern C:\Users\bakalski\Desktop\cg\usb_stack.c
                   sumpRX   0x000227       data     static C:\Users\bakalski\Desktop\cg\SUMP.c
                     time   0x00023a       data     extern C:\Users\bakalski\Desktop\cg\irWidget.c
                 tmr0_buf   0x0001bc       data     static C:\Users\bakalski\Desktop\cg\IRt.c
                 tmr0_buf   0x000202       data     static C:\Users\bakalski\Desktop\cg\IRr.c
                 tmr0_buf   0x0001de       data     static C:\Users\bakalski\Desktop\cg\IRs.c
               trn_status   0x000157       data     extern C:\Users\bakalski\Desktop\cg\usb_stack.c
                    txcnt   0x0001d3       data     static C:\Users\bakalski\Desktop\cg\IRt.c
                    txcnt   0x000219       data     static C:\Users\bakalski\Desktop\cg\IRr.c
                    txcnt   0x0001f5       data     static C:\Users\bakalski\Desktop\cg\IRs.c
         usb_addr_pending   0x000156       data     extern C:\Users\bakalski\Desktop\cg\usb_stack.c
                  usb_bdt   0x000400       data     extern C:\Users\bakalski\Desktop\cg\usb_stack.c
    usb_config_descriptor   0x000103       data     extern C:\Users\bakalski\Desktop\cg\usb_stack.c
          usb_current_cfg   0x000153       data     extern C:\Users\bakalski\Desktop\cg\usb_stack.c
    usb_device_descriptor   0x000100       data     extern C:\Users\bakalski\Desktop\cg\usb_stack.c
         usb_device_state   0x000155       data     extern C:\Users\bakalski\Desktop\cg\usb_stack.c
        usb_device_status   0x000151       data     extern C:\Users\bakalski\Desktop\cg\usb_stack.c
           usb_ep0_in_buf   0x000488       data     extern C:\Users\bakalski\Desktop\cg\usb_stack.c
          usb_ep0_out_buf   0x000480       data     extern C:\Users\bakalski\Desktop\cg\usb_stack.c
usb_num_string_descriptors   0x000109       data     extern C:\Users\bakalski\Desktop\cg\usb_stack.c
              usb_rom_len   0x00015f       data     extern C:\Users\bakalski\Desktop\cg\usb_stack.c
              usb_rom_ptr   0x00015c       data     extern C:\Users\bakalski\Desktop\cg\usb_stack.c
    usb_string_descriptor   0x000106       data     extern C:\Users\bakalski\Desktop\cg\usb_stack.c
                   usbbuf   0x000168       data     static C:\Users\bakalski\Desktop\cg\cdc.c
     vendor_setup_handler   0x00010f       data     extern C:\Users\bakalski\Desktop\cg\usb_stack.c



                              Symbols - Sorted by Address
                     Name    Address   Location    Storage File                     
                ---------  ---------  ---------  --------- ---------                
                   _entry   0x000000    program     extern E:\3.46\pic18-lt\cxx-framework\src\traditional\startup\c018i.c
       ___return_lbl00000   0x000004    program     static                          
                 High_ISR   0x000008    program     extern C:\Users\bakalski\Desktop\cg\main.c
       ___return_lbl00098   0x00000c    program     static                          
                  Low_ISR   0x000018    program     extern C:\Users\bakalski\Desktop\cg\main.c
       ___return_lbl00099   0x00001c    program     static                          
                   _reset   0x000800    program     extern C:\Users\bakalski\Desktop\cg\main.c
       ___return_lbl00097   0x000804    program     static                          
        Remapped_High_ISR   0x000808    program     extern C:\Users\bakalski\Desktop\cg\main.c
       ___return_lbl00095   0x00080c    program     static                          
         Remapped_Low_ISR   0x000818    program     extern C:\Users\bakalski\Desktop\cg\main.c
       ___return_lbl00096   0x00081c    program     static                          
                 usb_init   0x000880    program     extern C:\Users\bakalski\Desktop\cg\usb_stack.c
                usb_start   0x0009ce    program     extern C:\Users\bakalski\Desktop\cg\usb_stack.c
           USBDeviceTasks   0x0009e2    program     extern C:\Users\bakalski\Desktop\cg\usb_stack.c
              usb_handler   0x0009e6    program     extern C:\Users\bakalski\Desktop\cg\usb_stack.c
         usb_handle_error   0x000a1c    program     extern C:\Users\bakalski\Desktop\cg\usb_stack.c
         usb_handle_reset   0x000a20    program     extern C:\Users\bakalski\Desktop\cg\usb_stack.c
   usb_handle_transaction   0x000aec    program     extern C:\Users\bakalski\Desktop\cg\usb_stack.c
         usb_handle_setup   0x000b54    program     extern C:\Users\bakalski\Desktop\cg\usb_stack.c
usb_handle_StandardDeviceRequest   0x000cba    program     extern C:\Users\bakalski\Desktop\cg\usb_stack.c
usb_handle_StandardInterfaceRequest   0x001306    program     extern C:\Users\bakalski\Desktop\cg\usb_stack.c
usb_handle_StandardEndpointRequest   0x001468    program     extern C:\Users\bakalski\Desktop\cg\usb_stack.c
         FAST_usb_handler   0x0016fe    program     extern C:\Users\bakalski\Desktop\cg\usb_stack.c
            usb_handle_in   0x001738    program     extern C:\Users\bakalski\Desktop\cg\usb_stack.c
           usb_handle_out   0x001792    program     extern C:\Users\bakalski\Desktop\cg\usb_stack.c
 usb_register_sof_handler   0x0017fc    program     extern C:\Users\bakalski\Desktop\cg\usb_stack.c
usb_register_class_setup_handler   0x001818    program     extern C:\Users\bakalski\Desktop\cg\usb_stack.c
usb_register_vendor_setup_handler   0x001834    program     extern C:\Users\bakalski\Desktop\cg\usb_stack.c
       usb_set_in_handler   0x001850    program     extern C:\Users\bakalski\Desktop\cg\usb_stack.c
      usb_set_out_handler   0x00188c    program     extern C:\Users\bakalski\Desktop\cg\usb_stack.c
                  usb_ack   0x0018d0    program     extern C:\Users\bakalski\Desktop\cg\usb_stack.c
             usb_ack_zero   0x00190a    program     extern C:\Users\bakalski\Desktop\cg\usb_stack.c
             usb_ack_dat1   0x001954    program     extern C:\Users\bakalski\Desktop\cg\usb_stack.c
         usb_RequestError   0x00199c    program     extern C:\Users\bakalski\Desktop\cg\usb_stack.c
          usb_set_address   0x0019aa    program     extern C:\Users\bakalski\Desktop\cg\usb_stack.c
             usb_send_rom   0x0019d6    program     extern C:\Users\bakalski\Desktop\cg\usb_stack.c
                  initCDC   0x001b28    program     extern C:\Users\bakalski\Desktop\cg\cdc.c
     user_configured_init   0x001b54    program     extern C:\Users\bakalski\Desktop\cg\cdc.c
                cdc_setup   0x001bf8    program     extern C:\Users\bakalski\Desktop\cg\cdc.c
      cdc_get_line_coding   0x001dee    program     extern C:\Users\bakalski\Desktop\cg\cdc.c
 cdc_set_line_coding_data   0x001e06    program     extern C:\Users\bakalski\Desktop\cg\cdc.c
cdc_set_line_coding_status   0x001f64    program     extern C:\Users\bakalski\Desktop\cg\cdc.c
cdc_set_control_line_state_status   0x001f7c    program     extern C:\Users\bakalski\Desktop\cg\cdc.c
             WaitOutReady   0x001f94    program     extern C:\Users\bakalski\Desktop\cg\cdc.c
              WaitInReady   0x001fcc    program     extern C:\Users\bakalski\Desktop\cg\cdc.c
     putPARTARRAYUSBUSART   0x002004    program     extern C:\Users\bakalski\Desktop\cg\cdc.c
     putFULLARRAYUSBUSART   0x002080    program     extern C:\Users\bakalski\Desktop\cg\cdc.c
       getCDC_Out_ArmNext   0x0020ca    program     extern C:\Users\bakalski\Desktop\cg\cdc.c
       SendCDC_In_ArmNext   0x00215e    program     extern C:\Users\bakalski\Desktop\cg\cdc.c
               ArmCDCInDB   0x0021f4    program     extern C:\Users\bakalski\Desktop\cg\cdc.c
            DisArmCDCInDB   0x00222a    program     extern C:\Users\bakalski\Desktop\cg\cdc.c
              ArmCDCOutDB   0x002254    program     extern C:\Users\bakalski\Desktop\cg\cdc.c
           DisArmCDCOutDB   0x0022c8    program     extern C:\Users\bakalski\Desktop\cg\cdc.c
                  SendZLP   0x00237e    program     extern C:\Users\bakalski\Desktop\cg\cdc.c
              getOutReady   0x0023b0    program     extern C:\Users\bakalski\Desktop\cg\cdc.c
               getInReady   0x0023c8    program     extern C:\Users\bakalski\Desktop\cg\cdc.c
             getsUSBUSART   0x0023e0    program     extern C:\Users\bakalski\Desktop\cg\cdc.c
            usbbufservice   0x0024b2    program     extern C:\Users\bakalski\Desktop\cg\cdc.c
            usbbufgetbyte   0x0024de    program     extern C:\Users\bakalski\Desktop\cg\cdc.c
        PEEKusbbufgetbyte   0x002524    program     extern C:\Users\bakalski\Desktop\cg\cdc.c
              usbbufflush   0x002566    program     extern C:\Users\bakalski\Desktop\cg\cdc.c
         IrS_SetPortEqual   0x00256e    program     extern C:\Users\bakalski\Desktop\cg\IRs.c
     IrS_SetPortTrisEqual   0x0025b8    program     extern C:\Users\bakalski\Desktop\cg\IRs.c
             IrS_ReadPort   0x002602    program     extern C:\Users\bakalski\Desktop\cg\IRs.c
                 irsSetup   0x00264c    program     extern C:\Users\bakalski\Desktop\cg\IRs.c
               irsService   0x0026d8    program     extern C:\Users\bakalski\Desktop\cg\IRs.c
                  cleanup   0x002d6c    program     extern C:\Users\bakalski\Desktop\cg\IRs.c
  irsInterruptHandlerHigh   0x002d86    program     extern C:\Users\bakalski\Desktop\cg\IRs.c
         IrT_SetPortEqual   0x002efc    program     extern C:\Users\bakalski\Desktop\cg\IRt.c
     IrT_SetPortTrisEqual   0x002f46    program     extern C:\Users\bakalski\Desktop\cg\IRt.c
             IrT_ReadPort   0x002f90    program     extern C:\Users\bakalski\Desktop\cg\IRt.c
                 irtSetup   0x002fda    program     extern C:\Users\bakalski\Desktop\cg\IRt.c
               irtService   0x003066    program     extern C:\Users\bakalski\Desktop\cg\IRt.c
                 cleanupt   0x003600    program     extern C:\Users\bakalski\Desktop\cg\IRt.c
  irtInterruptHandlerHigh   0x00361a    program     extern C:\Users\bakalski\Desktop\cg\IRt.c
[...]
                    TRISA   0x000f92       data     extern E:\3.46\pic18-lt\cxx-framework\src\traditional\proc\p18f2550.asm
                 DDRAbits   0x000f92       data     extern E:\3.46\pic18-lt\cxx-framework\src\traditional\proc\p18f2550.asm
                     DDRA   0x000f92       data     extern E:\3.46\pic18-lt\cxx-framework\src\traditional\proc\p18f2550.asm
                TRISBbits   0x000f93       data     extern E:\3.46\pic18-lt\cxx-framework\src\traditional\proc\p18f2550.asm
                    TRISB   0x000f93       data     extern E:\3.46\pic18-lt\cxx-framework\src\traditional\proc\p18f2550.asm
                     DDRB   0x000f93       data     extern E:\3.46\pic18-lt\cxx-framework\src\traditional\proc\p18f2550.asm
                 DDRBbits   0x000f93       data     extern E:\3.46\pic18-lt\cxx-framework\src\traditional\proc\p18f2550.asm
                     DDRC   0x000f94       data     extern E:\3.46\pic18-lt\cxx-framework\src\traditional\proc\p18f2550.asm
                 DDRCbits   0x000f94       data     extern E:\3.46\pic18-lt\cxx-framework\src\traditional\proc\p18f2550.asm
                    TRISC   0x000f94       data     extern E:\3.46\pic18-lt\cxx-framework\src\traditional\proc\p18f2550.asm
                TRISCbits   0x000f94       data     extern E:\3.46\pic18-lt\cxx-framework\src\traditional\proc\p18f2550.asm
              OSCTUNEbits   0x000f9b       data     extern E:\3.46\pic18-lt\cxx-framework\src\traditional\proc\p18f2550.asm
                  OSCTUNE   0x000f9b       data     extern E:\3.46\pic18-lt\cxx-framework\src\traditional\proc\p18f2550.asm
                     PIE1   0x000f9d       data     extern E:\3.46\pic18-lt\cxx-framework\src\traditional\proc\p18f2550.asm
                 PIE1bits   0x000f9d       data     extern E:\3.46\pic18-lt\cxx-framework\src\traditional\proc\p18f2550.asm
                     PIR1   0x000f9e       data     extern E:\3.46\pic18-lt\cxx-framework\src\traditional\proc\p18f2550.asm
                 PIR1bits   0x000f9e       data     extern E:\3.46\pic18-lt\cxx-framework\src\traditional\proc\p18f2550.asm
                     IPR1   0x000f9f       data     extern E:\3.46\pic18-lt\cxx-framework\src\traditional\proc\p18f2550.asm
                 IPR1bits   0x000f9f       data     extern E:\3.46\pic18-lt\cxx-framework\src\traditional\proc\p18f2550.asm
                     PIE2   0x000fa0       data     extern E:\3.46\pic18-lt\cxx-framework\src\traditional\proc\p18f2550.asm
                 PIE2bits   0x000fa0       data     extern E:\3.46\pic18-lt\cxx-framework\src\traditional\proc\p18f2550.asm
                 PIR2bits   0x000fa1       data     extern E:\3.46\pic18-lt\cxx-framework\src\traditional\proc\p18f2550.asm
                     PIR2   0x000fa1       data     extern E:\3.46\pic18-lt\cxx-framework\src\traditional\proc\p18f2550.asm
                     IPR2   0x000fa2       data     extern E:\3.46\pic18-lt\cxx-framework\src\traditional\proc\p18f2550.asm
                 IPR2bits   0x000fa2       data     extern E:\3.46\pic18-lt\cxx-framework\src\traditional\proc\p18f2550.asm
               EECON1bits   0x000fa6       data     extern E:\3.46\pic18-lt\cxx-framework\src\traditional\proc\p18f2550.asm
                   EECON1   0x000fa6       data     extern E:\3.46\pic18-lt\cxx-framework\src\traditional\proc\p18f2550.asm
                   EECON2   0x000fa7       data     extern E:\3.46\pic18-lt\cxx-framework\src\traditional\proc\p18f2550.asm
                   EEDATA   0x000fa8       data     extern E:\3.46\pic18-lt\cxx-framework\src\traditional\proc\p18f2550.asm
                    EEADR   0x000fa9       data     extern E:\3.46\pic18-lt\cxx-framework\src\traditional\proc\p18f2550.asm
                RCSTAbits   0x000fab       data     extern E:\3.46\pic18-lt\cxx-framework\src\traditional\proc\p18f2550.asm
                    RCSTA   0x000fab       data     extern E:\3.46\pic18-lt\cxx-framework\src\traditional\proc\p18f2550.asm
                TXSTAbits   0x000fac       data     extern E:\3.46\pic18-lt\cxx-framework\src\traditional\proc\p18f2550.asm
                    TXSTA   0x000fac       data     extern E:\3.46\pic18-lt\cxx-framework\src\traditional\proc\p18f2550.asm
                    TXREG   0x000fad       data     extern E:\3.46\pic18-lt\cxx-framework\src\traditional\proc\p18f2550.asm
                    RCREG   0x000fae       data     extern E:\3.46\pic18-lt\cxx-framework\src\traditional\proc\p18f2550.asm
                    SPBRG   0x000faf       data     extern E:\3.46\pic18-lt\cxx-framework\src\traditional\proc\p18f2550.asm
                   SPBRGH   0x000fb0       data     extern E:\3.46\pic18-lt\cxx-framework\src\traditional\proc\p18f2550.asm
                    T3CON   0x000fb1       data     extern E:\3.46\pic18-lt\cxx-framework\src\traditional\proc\p18f2550.asm
                T3CONbits   0x000fb1       data     extern E:\3.46\pic18-lt\cxx-framework\src\traditional\proc\p18f2550.asm
                    TMR3L   0x000fb2       data     extern E:\3.46\pic18-lt\cxx-framework\src\traditional\proc\p18f2550.asm
                    TMR3H   0x000fb3       data     extern E:\3.46\pic18-lt\cxx-framework\src\traditional\proc\p18f2550.asm
                CMCONbits   0x000fb4       data     extern E:\3.46\pic18-lt\cxx-framework\src\traditional\proc\p18f2550.asm
                    CMCON   0x000fb4       data     extern E:\3.46\pic18-lt\cxx-framework\src\traditional\proc\p18f2550.asm
               CVRCONbits   0x000fb5       data     extern E:\3.46\pic18-lt\cxx-framework\src\traditional\proc\p18f2550.asm
                   CVRCON   0x000fb5       data     extern E:\3.46\pic18-lt\cxx-framework\src\traditional\proc\p18f2550.asm
              ECCP1ASbits   0x000fb6       data     extern E:\3.46\pic18-lt\cxx-framework\src\traditional\proc\p18f2550.asm
                  ECCP1AS   0x000fb6       data     extern E:\3.46\pic18-lt\cxx-framework\src\traditional\proc\p18f2550.asm
                   CCP1AS   0x000fb6       data     extern E:\3.46\pic18-lt\cxx-framework\src\traditional\proc\p18f2550.asm
               CCP1ASbits   0x000fb6       data     extern E:\3.46\pic18-lt\cxx-framework\src\traditional\proc\p18f2550.asm
             ECCP1DELbits   0x000fb7       data     extern E:\3.46\pic18-lt\cxx-framework\src\traditional\proc\p18f2550.asm
                 ECCP1DEL   0x000fb7       data     extern E:\3.46\pic18-lt\cxx-framework\src\traditional\proc\p18f2550.asm
              CCP1DELbits   0x000fb7       data     extern E:\3.46\pic18-lt\cxx-framework\src\traditional\proc\p18f2550.asm
                  CCP1DEL   0x000fb7       data     extern E:\3.46\pic18-lt\cxx-framework\src\traditional\proc\p18f2550.asm
                  BAUDCON   0x000fb8       data     extern E:\3.46\pic18-lt\cxx-framework\src\traditional\proc\p18f2550.asm
              BAUDCONbits   0x000fb8       data     extern E:\3.46\pic18-lt\cxx-framework\src\traditional\proc\p18f2550.asm
                  BAUDCTL   0x000fb8       data     extern E:\3.46\pic18-lt\cxx-framework\src\traditional\proc\p18f2550.asm
              BAUDCTLbits   0x000fb8       data     extern E:\3.46\pic18-lt\cxx-framework\src\traditional\proc\p18f2550.asm
                  CCP2CON   0x000fba       data     extern E:\3.46\pic18-lt\cxx-framework\src\traditional\proc\p18f2550.asm
              CCP2CONbits   0x000fba       data     extern E:\3.46\pic18-lt\cxx-framework\src\traditional\proc\p18f2550.asm
                    CCPR2   0x000fbb       data     extern E:\3.46\pic18-lt\cxx-framework\src\traditional\proc\p18f2550.asm
                   CCPR2L   0x000fbb       data     extern E:\3.46\pic18-lt\cxx-framework\src\traditional\proc\p18f2550.asm
                   CCPR2H   0x000fbc       data     extern E:\3.46\pic18-lt\cxx-framework\src\traditional\proc\p18f2550.asm
                  CCP1CON   0x000fbd       data     extern E:\3.46\pic18-lt\cxx-framework\src\traditional\proc\p18f2550.asm
              CCP1CONbits   0x000fbd       data     extern E:\3.46\pic18-lt\cxx-framework\src\traditional\proc\p18f2550.asm
                   CCPR1L   0x000fbe       data     extern E:\3.46\pic18-lt\cxx-framework\src\traditional\proc\p18f2550.asm
                    CCPR1   0x000fbe       data     extern E:\3.46\pic18-lt\cxx-framework\src\traditional\proc\p18f2550.asm
                   CCPR1H   0x000fbf       data     extern E:\3.46\pic18-lt\cxx-framework\src\traditional\proc\p18f2550.asm
               ADCON2bits   0x000fc0       data     extern E:\3.46\pic18-lt\cxx-framework\src\traditional\proc\p18f2550.asm
                   ADCON2   0x000fc0       data     extern E:\3.46\pic18-lt\cxx-framework\src\traditional\proc\p18f2550.asm
                   ADCON1   0x000fc1       data     extern E:\3.46\pic18-lt\cxx-framework\src\traditional\proc\p18f2550.asm
               ADCON1bits   0x000fc1       data     extern E:\3.46\pic18-lt\cxx-framework\src\traditional\proc\p18f2550.asm
               ADCON0bits   0x000fc2       data     extern E:\3.46\pic18-lt\cxx-framework\src\traditional\proc\p18f2550.asm
                   ADCON0   0x000fc2       data     extern E:\3.46\pic18-lt\cxx-framework\src\traditional\proc\p18f2550.asm
                   ADRESL   0x000fc3       data     extern E:\3.46\pic18-lt\cxx-framework\src\traditional\proc\p18f2550.asm
                    ADRES   0x000fc3       data     extern E:\3.46\pic18-lt\cxx-framework\src\traditional\proc\p18f2550.asm
                   ADRESH   0x000fc4       data     extern E:\3.46\pic18-lt\cxx-framework\src\traditional\proc\p18f2550.asm
                  SSPCON2   0x000fc5       data     extern E:\3.46\pic18-lt\cxx-framework\src\traditional\proc\p18f2550.asm
              SSPCON2bits   0x000fc5       data     extern E:\3.46\pic18-lt\cxx-framework\src\traditional\proc\p18f2550.asm
              SSPCON1bits   0x000fc6       data     extern E:\3.46\pic18-lt\cxx-framework\src\traditional\proc\p18f2550.asm
                  SSPCON1   0x000fc6       data     extern E:\3.46\pic18-lt\cxx-framework\src\traditional\proc\p18f2550.asm
                  SSPSTAT   0x000fc7       data     extern E:\3.46\pic18-lt\cxx-framework\src\traditional\proc\p18f2550.asm
              SSPSTATbits   0x000fc7       data     extern E:\3.46\pic18-lt\cxx-framework\src\traditional\proc\p18f2550.asm
                   SSPADD   0x000fc8       data     extern E:\3.46\pic18-lt\cxx-framework\src\traditional\proc\p18f2550.asm
                   SSPBUF   0x000fc9       data     extern E:\3.46\pic18-lt\cxx-framework\src\traditional\proc\p18f2550.asm
                T2CONbits   0x000fca       data     extern E:\3.46\pic18-lt\cxx-framework\src\traditional\proc\p18f2550.asm
                    T2CON   0x000fca       data     extern E:\3.46\pic18-lt\cxx-framework\src\traditional\proc\p18f2550.asm
                      PR2   0x000fcb       data     extern E:\3.46\pic18-lt\cxx-framework\src\traditional\proc\p18f2550.asm
                     TMR2   0x000fcc       data     extern E:\3.46\pic18-lt\cxx-framework\src\traditional\proc\p18f2550.asm
                T1CONbits   0x000fcd       data     extern E:\3.46\pic18-lt\cxx-framework\src\traditional\proc\p18f2550.asm
                    T1CON   0x000fcd       data     extern E:\3.46\pic18-lt\cxx-framework\src\traditional\proc\p18f2550.asm
                    TMR1L   0x000fce       data     extern E:\3.46\pic18-lt\cxx-framework\src\traditional\proc\p18f2550.asm
                    TMR1H   0x000fcf       data     extern E:\3.46\pic18-lt\cxx-framework\src\traditional\proc\p18f2550.asm
                     RCON   0x000fd0       data     extern E:\3.46\pic18-lt\cxx-framework\src\traditional\proc\p18f2550.asm
                 RCONbits   0x000fd0       data     extern E:\3.46\pic18-lt\cxx-framework\src\traditional\proc\p18f2550.asm
               WDTCONbits   0x000fd1       data     extern E:\3.46\pic18-lt\cxx-framework\src\traditional\proc\p18f2550.asm
                   WDTCON   0x000fd1       data     extern E:\3.46\pic18-lt\cxx-framework\src\traditional\proc\p18f2550.asm
                  HLVDCON   0x000fd2       data     extern E:\3.46\pic18-lt\cxx-framework\src\traditional\proc\p18f2550.asm
               LVDCONbits   0x000fd2       data     extern E:\3.46\pic18-lt\cxx-framework\src\traditional\proc\p18f2550.asm
                   LVDCON   0x000fd2       data     extern E:\3.46\pic18-lt\cxx-framework\src\traditional\proc\p18f2550.asm
              HLVDCONbits   0x000fd2       data     extern E:\3.46\pic18-lt\cxx-framework\src\traditional\proc\p18f2550.asm
               OSCCONbits   0x000fd3       data     extern E:\3.46\pic18-lt\cxx-framework\src\traditional\proc\p18f2550.asm
                   OSCCON   0x000fd3       data     extern E:\3.46\pic18-lt\cxx-framework\src\traditional\proc\p18f2550.asm
                    T0CON   0x000fd5       data     extern E:\3.46\pic18-lt\cxx-framework\src\traditional\proc\p18f2550.asm
                T0CONbits   0x000fd5       data     extern E:\3.46\pic18-lt\cxx-framework\src\traditional\proc\p18f2550.asm
                    TMR0L   0x000fd6       data     extern E:\3.46\pic18-lt\cxx-framework\src\traditional\proc\p18f2550.asm
                    TMR0H   0x000fd7       data     extern E:\3.46\pic18-lt\cxx-framework\src\traditional\proc\p18f2550.asm
                   STATUS   0x000fd8       data     extern E:\3.46\pic18-lt\cxx-framework\src\traditional\proc\p18f2550.asm
               STATUSbits   0x000fd8       data     extern E:\3.46\pic18-lt\cxx-framework\src\traditional\proc\p18f2550.asm
                     FSR2   0x000fd9       data     extern E:\3.46\pic18-lt\cxx-framework\src\traditional\proc\p18f2550.asm
                    FSR2L   0x000fd9       data     extern E:\3.46\pic18-lt\cxx-framework\src\traditional\proc\p18f2550.asm
                    FSR2H   0x000fda       data     extern E:\3.46\pic18-lt\cxx-framework\src\traditional\proc\p18f2550.asm
                   PLUSW2   0x000fdb       data     extern E:\3.46\pic18-lt\cxx-framework\src\traditional\proc\p18f2550.asm
                  PREINC2   0x000fdc       data     extern E:\3.46\pic18-lt\cxx-framework\src\traditional\proc\p18f2550.asm
                 POSTDEC2   0x000fdd       data     extern E:\3.46\pic18-lt\cxx-framework\src\traditional\proc\p18f2550.asm
                 POSTINC2   0x000fde       data     extern E:\3.46\pic18-lt\cxx-framework\src\traditional\proc\p18f2550.asm
                    INDF2   0x000fdf       data     extern E:\3.46\pic18-lt\cxx-framework\src\traditional\proc\p18f2550.asm
                      BSR   0x000fe0       data     extern E:\3.46\pic18-lt\cxx-framework\src\traditional\proc\p18f2550.asm
                    FSR1L   0x000fe1       data     extern E:\3.46\pic18-lt\cxx-framework\src\traditional\proc\p18f2550.asm
                     FSR1   0x000fe1       data     extern E:\3.46\pic18-lt\cxx-framework\src\traditional\proc\p18f2550.asm
                    FSR1H   0x000fe2       data     extern E:\3.46\pic18-lt\cxx-framework\src\traditional\proc\p18f2550.asm
                   PLUSW1   0x000fe3       data     extern E:\3.46\pic18-lt\cxx-framework\src\traditional\proc\p18f2550.asm
                  PREINC1   0x000fe4       data     extern E:\3.46\pic18-lt\cxx-framework\src\traditional\proc\p18f2550.asm
                 POSTDEC1   0x000fe5       data     extern E:\3.46\pic18-lt\cxx-framework\src\traditional\proc\p18f2550.asm
                 POSTINC1   0x000fe6       data     extern E:\3.46\pic18-lt\cxx-framework\src\traditional\proc\p18f2550.asm
                    INDF1   0x000fe7       data     extern E:\3.46\pic18-lt\cxx-framework\src\traditional\proc\p18f2550.asm
                     WREG   0x000fe8       data     extern E:\3.46\pic18-lt\cxx-framework\src\traditional\proc\p18f2550.asm
                     FSR0   0x000fe9       data     extern E:\3.46\pic18-lt\cxx-framework\src\traditional\proc\p18f2550.asm
                    FSR0L   0x000fe9       data     extern E:\3.46\pic18-lt\cxx-framework\src\traditional\proc\p18f2550.asm
                    FSR0H   0x000fea       data     extern E:\3.46\pic18-lt\cxx-framework\src\traditional\proc\p18f2550.asm
                   PLUSW0   0x000feb       data     extern E:\3.46\pic18-lt\cxx-framework\src\traditional\proc\p18f2550.asm
                  PREINC0   0x000fec       data     extern E:\3.46\pic18-lt\cxx-framework\src\traditional\proc\p18f2550.asm
                 POSTDEC0   0x000fed       data     extern E:\3.46\pic18-lt\cxx-framework\src\traditional\proc\p18f2550.asm
                 POSTINC0   0x000fee       data     extern E:\3.46\pic18-lt\cxx-framework\src\traditional\proc\p18f2550.asm
                    INDF0   0x000fef       data     extern E:\3.46\pic18-lt\cxx-framework\src\traditional\proc\p18f2550.asm
                  INTCON3   0x000ff0       data     extern E:\3.46\pic18-lt\cxx-framework\src\traditional\proc\p18f2550.asm
              INTCON3bits   0x000ff0       data     extern E:\3.46\pic18-lt\cxx-framework\src\traditional\proc\p18f2550.asm
                  INTCON2   0x000ff1       data     extern E:\3.46\pic18-lt\cxx-framework\src\traditional\proc\p18f2550.asm
              INTCON2bits   0x000ff1       data     extern E:\3.46\pic18-lt\cxx-framework\src\traditional\proc\p18f2550.asm
                   INTCON   0x000ff2       data     extern E:\3.46\pic18-lt\cxx-framework\src\traditional\proc\p18f2550.asm
               INTCONbits   0x000ff2       data     extern E:\3.46\pic18-lt\cxx-framework\src\traditional\proc\p18f2550.asm
                     PROD   0x000ff3       data     extern E:\3.46\pic18-lt\cxx-framework\src\traditional\proc\p18f2550.asm
                    PRODL   0x000ff3       data     extern E:\3.46\pic18-lt\cxx-framework\src\traditional\proc\p18f2550.asm
                    PRODH   0x000ff4       data     extern E:\3.46\pic18-lt\cxx-framework\src\traditional\proc\p18f2550.asm
                   TABLAT   0x000ff5       data     extern E:\3.46\pic18-lt\cxx-framework\src\traditional\proc\p18f2550.asm
                  TBLPTRL   0x000ff6       data     extern E:\3.46\pic18-lt\cxx-framework\src\traditional\proc\p18f2550.asm
                   TBLPTR   0x000ff6       data     extern E:\3.46\pic18-lt\cxx-framework\src\traditional\proc\p18f2550.asm
                  TBLPTRH   0x000ff7       data     extern E:\3.46\pic18-lt\cxx-framework\src\traditional\proc\p18f2550.asm
                  TBLPTRU   0x000ff8       data     extern E:\3.46\pic18-lt\cxx-framework\src\traditional\proc\p18f2550.asm
                       PC   0x000ff9       data     extern E:\3.46\pic18-lt\cxx-framework\src\traditional\proc\p18f2550.asm
                      PCL   0x000ff9       data     extern E:\3.46\pic18-lt\cxx-framework\src\traditional\proc\p18f2550.asm
                   PCLATH   0x000ffa       data     extern E:\3.46\pic18-lt\cxx-framework\src\traditional\proc\p18f2550.asm
                   PCLATU   0x000ffb       data     extern E:\3.46\pic18-lt\cxx-framework\src\traditional\proc\p18f2550.asm
               STKPTRbits   0x000ffc       data     extern E:\3.46\pic18-lt\cxx-framework\src\traditional\proc\p18f2550.asm
                   STKPTR   0x000ffc       data     extern E:\3.46\pic18-lt\cxx-framework\src\traditional\proc\p18f2550.asm
                      TOS   0x000ffd       data     extern E:\3.46\pic18-lt\cxx-framework\src\traditional\proc\p18f2550.asm
                     TOSL   0x000ffd       data     extern E:\3.46\pic18-lt\cxx-framework\src\traditional\proc\p18f2550.asm
                     TOSH   0x000ffe       data     extern E:\3.46\pic18-lt\cxx-framework\src\traditional\proc\p18f2550.asm
                     TOSU   0x000fff       data     extern E:\3.46\pic18-lt\cxx-framework\src\traditional\proc\p18f2550.asm


